Archive member included to satisfy reference by file (symbol)

c:/program files (x86)/arm gnu toolchain arm-none-eabi/11.2 2022.02/bin/../lib/gcc/arm-none-eabi/11.2.1/thumb/v6-m/nofp\libc_nano.a(lib_a-impure.o)
                              obj/SDK_EVAL_Com.o (_impure_ptr)
c:/program files (x86)/arm gnu toolchain arm-none-eabi/11.2 2022.02/bin/../lib/gcc/arm-none-eabi/11.2.1/thumb/v6-m/nofp\libc_nano.a(lib_a-memcmp.o)
                              obj/osal.o (memcmp)
c:/program files (x86)/arm gnu toolchain arm-none-eabi/11.2 2022.02/bin/../lib/gcc/arm-none-eabi/11.2.1/thumb/v6-m/nofp\libc_nano.a(lib_a-memcpy-stub.o)
                              obj/BlueNRG1_timer.o (memcpy)
c:/program files (x86)/arm gnu toolchain arm-none-eabi/11.2 2022.02/bin/../lib/gcc/arm-none-eabi/11.2.1/thumb/v6-m/nofp\libc_nano.a(lib_a-memset.o)
                              obj/osal.o (memset)
c:/program files (x86)/arm gnu toolchain arm-none-eabi/11.2 2022.02/bin/../lib/gcc/arm-none-eabi/11.2.1/thumb/v6-m/nofp\libc_nano.a(lib_a-printf.o)
                              obj/main.o (printf)
c:/program files (x86)/arm gnu toolchain arm-none-eabi/11.2 2022.02/bin/../lib/gcc/arm-none-eabi/11.2.1/thumb/v6-m/nofp\libc_nano.a(lib_a-puts.o)
                              obj/main.o (puts)
c:/program files (x86)/arm gnu toolchain arm-none-eabi/11.2 2022.02/bin/../lib/gcc/arm-none-eabi/11.2.1/thumb/v6-m/nofp\libc_nano.a(lib_a-reent.o)
                              obj/SDK_EVAL_Com.o (errno)
c:/program files (x86)/arm gnu toolchain arm-none-eabi/11.2 2022.02/bin/../lib/gcc/arm-none-eabi/11.2.1/thumb/v6-m/nofp\libc_nano.a(lib_a-setvbuf.o)
                              obj/SDK_EVAL_Com.o (setvbuf)
c:/program files (x86)/arm gnu toolchain arm-none-eabi/11.2 2022.02/bin/../lib/gcc/arm-none-eabi/11.2.1/thumb/v6-m/nofp\libc_nano.a(lib_a-wbuf.o)
                              c:/program files (x86)/arm gnu toolchain arm-none-eabi/11.2 2022.02/bin/../lib/gcc/arm-none-eabi/11.2.1/thumb/v6-m/nofp\libc_nano.a(lib_a-puts.o) (__swbuf_r)
c:/program files (x86)/arm gnu toolchain arm-none-eabi/11.2 2022.02/bin/../lib/gcc/arm-none-eabi/11.2.1/thumb/v6-m/nofp\libc_nano.a(lib_a-wsetup.o)
                              c:/program files (x86)/arm gnu toolchain arm-none-eabi/11.2 2022.02/bin/../lib/gcc/arm-none-eabi/11.2.1/thumb/v6-m/nofp\libc_nano.a(lib_a-puts.o) (__swsetup_r)
c:/program files (x86)/arm gnu toolchain arm-none-eabi/11.2 2022.02/bin/../lib/gcc/arm-none-eabi/11.2.1/thumb/v6-m/nofp\libc_nano.a(lib_a-fflush.o)
                              c:/program files (x86)/arm gnu toolchain arm-none-eabi/11.2 2022.02/bin/../lib/gcc/arm-none-eabi/11.2.1/thumb/v6-m/nofp\libc_nano.a(lib_a-setvbuf.o) (_fflush_r)
c:/program files (x86)/arm gnu toolchain arm-none-eabi/11.2 2022.02/bin/../lib/gcc/arm-none-eabi/11.2.1/thumb/v6-m/nofp\libc_nano.a(lib_a-findfp.o)
                              c:/program files (x86)/arm gnu toolchain arm-none-eabi/11.2 2022.02/bin/../lib/gcc/arm-none-eabi/11.2.1/thumb/v6-m/nofp\libc_nano.a(lib_a-printf.o) (__sinit)
c:/program files (x86)/arm gnu toolchain arm-none-eabi/11.2 2022.02/bin/../lib/gcc/arm-none-eabi/11.2.1/thumb/v6-m/nofp\libc_nano.a(lib_a-fwalk.o)
                              c:/program files (x86)/arm gnu toolchain arm-none-eabi/11.2 2022.02/bin/../lib/gcc/arm-none-eabi/11.2.1/thumb/v6-m/nofp\libc_nano.a(lib_a-findfp.o) (_fwalk)
c:/program files (x86)/arm gnu toolchain arm-none-eabi/11.2 2022.02/bin/../lib/gcc/arm-none-eabi/11.2.1/thumb/v6-m/nofp\libc_nano.a(lib_a-makebuf.o)
                              c:/program files (x86)/arm gnu toolchain arm-none-eabi/11.2 2022.02/bin/../lib/gcc/arm-none-eabi/11.2.1/thumb/v6-m/nofp\libc_nano.a(lib_a-setvbuf.o) (__swhatbuf_r)
c:/program files (x86)/arm gnu toolchain arm-none-eabi/11.2 2022.02/bin/../lib/gcc/arm-none-eabi/11.2.1/thumb/v6-m/nofp\libc_nano.a(lib_a-malloc.o)
                              c:/program files (x86)/arm gnu toolchain arm-none-eabi/11.2 2022.02/bin/../lib/gcc/arm-none-eabi/11.2.1/thumb/v6-m/nofp\libc_nano.a(lib_a-setvbuf.o) (malloc)
c:/program files (x86)/arm gnu toolchain arm-none-eabi/11.2 2022.02/bin/../lib/gcc/arm-none-eabi/11.2.1/thumb/v6-m/nofp\libc_nano.a(lib_a-nano-freer.o)
                              c:/program files (x86)/arm gnu toolchain arm-none-eabi/11.2 2022.02/bin/../lib/gcc/arm-none-eabi/11.2.1/thumb/v6-m/nofp\libc_nano.a(lib_a-reent.o) (_free_r)
c:/program files (x86)/arm gnu toolchain arm-none-eabi/11.2 2022.02/bin/../lib/gcc/arm-none-eabi/11.2.1/thumb/v6-m/nofp\libc_nano.a(lib_a-nano-mallocr.o)
                              c:/program files (x86)/arm gnu toolchain arm-none-eabi/11.2 2022.02/bin/../lib/gcc/arm-none-eabi/11.2.1/thumb/v6-m/nofp\libc_nano.a(lib_a-findfp.o) (_malloc_r)
c:/program files (x86)/arm gnu toolchain arm-none-eabi/11.2 2022.02/bin/../lib/gcc/arm-none-eabi/11.2.1/thumb/v6-m/nofp\libc_nano.a(lib_a-nano-vfprintf.o)
[...]
Memory Configuration

Name             Origin             Length             Attributes
REGION_RAM       0x20000000         0x00006000         xrw
REGION_FLASH_BOOTLOADER 0x10040000         0x00000000         xr
REGION_FLASH     0x10040000         0x00027000         xr
REGION_NVM       0x10067000         0x00001000         xr
REGION_ROM       0x10000000         0x00000800         xr
*default*        0x00000000         0xffffffff

Linker script and memory map

LOAD obj/BlueNRG1_it.o
LOAD obj/main.o
LOAD obj/BlueNRG1_adc.o
LOAD obj/BlueNRG1_dma.o
LOAD obj/BlueNRG1_flash.o
LOAD obj/BlueNRG1_gpio.o
LOAD obj/BlueNRG1_mft.o
LOAD obj/BlueNRG1_pka.o
LOAD obj/BlueNRG1_radio.o
LOAD obj/BlueNRG1_rng.o
LOAD obj/BlueNRG1_rtc.o
LOAD obj/BlueNRG1_spi.o
LOAD obj/BlueNRG1_sysCtrl.o
LOAD obj/BlueNRG1_timer.o
LOAD obj/BlueNRG1_uart.o
LOAD obj/BlueNRG1_wdg.o
LOAD obj/clock.o
LOAD obj/misc.o
LOAD obj/miscutil.o
LOAD obj/osal.o
LOAD obj/SDK_EVAL_Button.o
LOAD obj/SDK_EVAL_Com.o
LOAD obj/SDK_EVAL_Config.o
LOAD obj/SDK_EVAL_Led.o
LOAD obj/sleep.o
LOAD obj/stack_user_cfg.o
LOAD obj/system_bluenrg1.o
LOAD precompiled/context_switch.o
                0x00000080                malloc_getpagesize_P = 0x80
START GROUP
LOAD c:/program files (x86)/arm gnu toolchain arm-none-eabi/11.2 2022.02/bin/../lib/gcc/arm-none-eabi/11.2.1/thumb/v6-m/nofp\libc_nano.a
LOAD c:/program files (x86)/arm gnu toolchain arm-none-eabi/11.2 2022.02/bin/../lib/gcc/arm-none-eabi/11.2.1/thumb/v6-m/nofp\libm.a
END GROUP
LOAD ./assembly\libbluenrg1_stack.a
LOAD ./assembly\libcrypto.a
                0x20000000                _MEMORY_RAM_BEGIN_ = 0x20000000
                0x00006000                _MEMORY_RAM_SIZE_ = 0x6000
                0x20005fff                _MEMORY_RAM_END_ = 0x20005fff
                0x10040000                _MEMORY_FLASH_BEGIN_ = 0x10040000
                0x00028000                _MEMORY_FLASH_SIZE_ = 0x28000
                0x10067fff                _MEMORY_FLASH_END_ = 0x10067fff
                0x10000000                _MEMORY_ROM_BEGIN_ = 0x10000000
                0x00000800                _MEMORY_ROM_SIZE_ = 0x800
                0x100007ff                _MEMORY_ROM_END_ = 0x100007ff
                0x00001000                FLASH_NVM_DATASIZE = 0x1000
                0x00000000                MEMORY_FLASH_APP_OFFSET = DEFINED (MEMORY_FLASH_APP_OFFSET)?MEMORY_FLASH_APP_OFFSET:0x0
                0x00027000                MEMORY_FLASH_APP_SIZE = DEFINED (MEMORY_FLASH_APP_SIZE)?MEMORY_FLASH_APP_SIZE:((_MEMORY_FLASH_SIZE_ - FLASH_NVM_DATASIZE) - MEMORY_FLASH_APP_OFFSET)
                0x000002cc                MEMORY_RAM_APP_OFFSET = DEFINED (MEMORY_RAM_APP_OFFSET)?MEMORY_RAM_APP_OFFSET:0x2cc
                0x00000800                RESET_MANAGER_SIZE = DEFINED (RESET_MANAGER_SIZE)?RESET_MANAGER_SIZE:0x800
                0x00027000                MEMORY_FLASH_APP_SIZE = DEFINED (ST_OTA_HIGHER_APPLICATION)?(((((_MEMORY_FLASH_SIZE_ - RESET_MANAGER_SIZE) - FLASH_NVM_DATASIZE) / 0x2) / 0x800) * 0x800):MEMORY_FLASH_APP_SIZE
                0x00000000                MEMORY_FLASH_APP_OFFSET = DEFINED (ST_OTA_HIGHER_APPLICATION)?(RESET_MANAGER_SIZE + MEMORY_FLASH_APP_SIZE):MEMORY_FLASH_APP_OFFSET
                0x00027000                MEMORY_FLASH_APP_SIZE = DEFINED (ST_OTA_LOWER_APPLICATION)?(((((_MEMORY_FLASH_SIZE_ - RESET_MANAGER_SIZE) - FLASH_NVM_DATASIZE) / 0x2) / 0x800) * 0x800):MEMORY_FLASH_APP_SIZE
                0x00000000                MEMORY_FLASH_APP_OFFSET = DEFINED (ST_OTA_LOWER_APPLICATION)?RESET_MANAGER_SIZE:MEMORY_FLASH_APP_OFFSET
                0x00011000                SERVICE_MANAGER_SIZE = 0x11000
                0x00027000                MEMORY_FLASH_APP_SIZE = DEFINED (ST_USE_OTA_SERVICE_MANAGER_APPLICATION)?((_MEMORY_FLASH_SIZE_ - SERVICE_MANAGER_SIZE) - FLASH_NVM_DATASIZE):MEMORY_FLASH_APP_SIZE
                0x00000000                MEMORY_FLASH_APP_OFFSET = DEFINED (ST_USE_OTA_SERVICE_MANAGER_APPLICATION)?SERVICE_MANAGER_SIZE:MEMORY_FLASH_APP_OFFSET
                0x00000000                _Min_Heap_Size = 0x0
                0x00000c00                _Min_Stack_Size = 0xc00

.bootloader     0x10040000        0x0
                0x10040000                . = ALIGN (0x4)
 *(.bootloader)
                0x10040000                . = ALIGN (0x4)

.intvec         0x10040000       0xc0
                0x10040000                . = ALIGN (0x4)
 *(.intvec)
 .intvec        0x10040000       0xc0 obj/system_bluenrg1.o
                0x10040000                __vector_table
                0x100400c0                . = ALIGN (0x4)

.text           0x100400c0    0x10cb4
                0x100400c0                . = ALIGN (0x4)
 *(.cmd_call_table)
 *(.text)
 .text          0x100400c0       0x9c precompiled/context_switch.o
                0x100400c0                CS_contextSave
                0x10040112                CS_contextRestore
 .text          0x1004015c       0x14 c:/program files (x86)/arm gnu toolchain arm-none-eabi/11.2 2022.02/bin/../lib/gcc/arm-none-eabi/11.2.1/thumb/v6-m/nofp\libgcc.a(_thumb1_case_shi.o)
                0x1004015c                __gnu_thumb1_case_shi
 .text          0x10040170      0x114 c:/program files (x86)/arm gnu toolchain arm-none-eabi/11.2 2022.02/bin/../lib/gcc/arm-none-eabi/11.2.1/thumb/v6-m/nofp\libgcc.a(_udivsi3.o)
                0x10040170                __aeabi_uidiv
                0x10040170                __udivsi3
                0x1004027c                __aeabi_uidivmod
 .text          0x10040284        0x4 c:/program files (x86)/arm gnu toolchain arm-none-eabi/11.2 2022.02/bin/../lib/gcc/arm-none-eabi/11.2.1/thumb/v6-m/nofp\libgcc.a(_dvmd_tls.o)
                0x10040284                __aeabi_idiv0
                0x10040284                __aeabi_ldiv0
 *(.text*)
 .text.NMI_Handler
                0x10040288        0x2 obj/BlueNRG1_it.o
                0x10040288                NMI_Handler
 .text.HardFault_Handler
                0x1004028a        0x2 obj/BlueNRG1_it.o
                0x1004028a                HardFault_Handler
 .text.SVC_Handler
                0x1004028c        0x2 obj/BlueNRG1_it.o
                0x1004028c                SVC_Handler
 .text.SysTick_Handler
                0x1004028e        0x8 obj/BlueNRG1_it.o
                0x1004028e                SysTick_Handler
 .text.GPIO_Handler
                0x10040296        0x2 obj/BlueNRG1_it.o
                0x10040296                GPIO_Handler
 .text.UART_Handler
                0x10040298        0x2 obj/BlueNRG1_it.o
                0x10040298                UART_Handler
 .text.Blue_Handler
                0x1004029a        0x8 obj/BlueNRG1_it.o
                0x1004029a                Blue_Handler
 *fill*         0x100402a2        0x2 
 .text.Start_Beaconing
                0x100402a4       0xb0 obj/main.o
 .text.Device_Init
                0x10040354       0xb4 obj/main.o
                0x10040354                Device_Init
 .text.main     0x10040408      0x130 obj/main.o
                0x10040408                main
 .text.hci_hardware_error_event
                0x10040538       0x18 obj/main.o
                0x10040538                hci_hardware_error_event
 .text.FLASH_WaitCmdDone
                0x10040550       0x10 obj/BlueNRG1_flash.o
                0x10040550                FLASH_WaitCmdDone
 .text.FLASH_ErasePage
                0x10040560       0x30 obj/BlueNRG1_flash.o
                0x10040560                FLASH_ErasePage
 .text.FLASH_ProgramWord
                0x10040590       0x30 obj/BlueNRG1_flash.o
                0x10040590                FLASH_ProgramWord
 .text.GPIO_Init
                0x100405c0       0xbe obj/BlueNRG1_gpio.o
                0x100405c0                GPIO_Init
 .text.GPIO_ReadBit
                0x1004067e       0x12 obj/BlueNRG1_gpio.o
                0x1004067e                GPIO_ReadBit
 .text.GPIO_WriteBit
                0x10040690       0x14 obj/BlueNRG1_gpio.o
                0x10040690                GPIO_WriteBit
 .text.GPIO_ToggleBits
                0x100406a4        0xc obj/BlueNRG1_gpio.o
                0x100406a4                GPIO_ToggleBits
 .text.PKA_Reset
                0x100406b0       0x16 obj/BlueNRG1_pka.o
                0x100406b0                PKA_Reset
 *fill*         0x100406c6        0x2 
 .text.SysCtrl_PeripheralClockCmd
                0x100406c8       0x1c obj/BlueNRG1_sysCtrl.o
                0x100406c8                SysCtrl_PeripheralClockCmd
 .text.SysCtrl_GetWakeupResetReason
                0x100406e4       0xfc obj/BlueNRG1_sysCtrl.o
                0x100406e4                SysCtrl_GetWakeupResetReason
 .text.UART_Cmd
                0x100407e0       0x20 obj/BlueNRG1_uart.o
                0x100407e0                UART_Cmd
 .text.UART_Init
                0x10040800      0x174 obj/BlueNRG1_uart.o
                0x10040800                UART_Init
 .text.UART_SendData
                0x10040974       0x10 obj/BlueNRG1_uart.o
                0x10040974                UART_SendData
 .text.UART_GetFlagStatus
                0x10040984       0x28 obj/BlueNRG1_uart.o
                0x10040984                UART_GetFlagStatus
 .text.UART_RxFifoIrqLevelConfig
                0x100409ac       0x1c obj/BlueNRG1_uart.o
                0x100409ac                UART_RxFifoIrqLevelConfig
 .text.SysCount_Handler
                0x100409c8       0x10 obj/clock.o
                0x100409c8                SysCount_Handler
 .text.Clock_Init
                0x100409d8       0x2c obj/clock.o
                0x100409d8                Clock_Init
 .text.Clock_Time
                0x10040a04        0xc obj/clock.o
                0x10040a04                Clock_Time
 .text.HAL_GetPartInfo
                0x10040a10       0x68 obj/miscutil.o
                0x10040a10                HAL_GetPartInfo
 .text.BLEPLAT_get_part_info
                0x10040a78       0x22 obj/miscutil.o
                0x10040a78                BLEPLAT_get_part_info
 .text.Osal_MemCpy
                0x10040a9a        0x8 obj/osal.o
                0x10040a9a                Osal_MemCpy
 .text.Osal_MemSet
                0x10040aa2        0x8 obj/osal.o
                0x10040aa2                Osal_MemSet
 .text.Osal_MemCmp
                0x10040aaa        0x8 obj/osal.o
                0x10040aaa                Osal_MemCmp
 .text.SdkEvalUart_Send_Data
                0x10040ab2       0x16 obj/SDK_EVAL_Com.o
 .text.SdkEvalComUartInit
                0x10040ac8       0x94 obj/SDK_EVAL_Com.o
                0x10040ac8                SdkEvalComUartInit
 .text.SdkEvalComIOSendData
                0x10040b5c        0x8 obj/SDK_EVAL_Com.o
                0x10040b5c                SdkEvalComIOSendData
 .text.Read_Buffer_Pop
                0x10040b64       0x40 obj/SDK_EVAL_Com.o
                0x10040b64                Read_Buffer_Pop
 .text._sbrk    0x10040ba4       0x40 obj/SDK_EVAL_Com.o
                0x10040ba4                _sbrk
 .text._close   0x10040be4        0x6 obj/SDK_EVAL_Com.o
                0x10040be4                _close
 .text._fstat   0x10040bea        0xa obj/SDK_EVAL_Com.o
                0x10040bea                _fstat
 .text._isatty  0x10040bf4        0x4 obj/SDK_EVAL_Com.o
                0x10040bf4                _isatty
 .text._lseek   0x10040bf8        0x4 obj/SDK_EVAL_Com.o
                0x10040bf8                _lseek
 .text._write   0x10040bfc       0x1a obj/SDK_EVAL_Com.o
                0x10040bfc                _write
 .text._read    0x10040c16       0x24 obj/SDK_EVAL_Com.o
                0x10040c16                _read
 .text.__aeabi_memcpy
                0x10040c3a        0x8 obj/SDK_EVAL_Com.o
                0x10040c3a                __aeabi_memcpy
 .text.__aeabi_memcpy4
                0x10040c42        0x8 obj/SDK_EVAL_Com.o
                0x10040c42                __aeabi_memcpy4
 .text.__aeabi_memclr4
                0x10040c4a        0xc obj/SDK_EVAL_Com.o
                0x10040c4a                __aeabi_memclr4
 *fill*         0x10040c56        0x2 
 .text.SdkEvalGetVersion
                0x10040c58        0xc obj/SDK_EVAL_Config.o
                0x10040c58                SdkEvalGetVersion
 .text.PendSV_Handler
                0x10040c64        0x2 obj/system_bluenrg1.o
                0x10040c64                PendSV_Handler
 .text.NVM_Handler
                0x10040c66        0x2 obj/system_bluenrg1.o
                0x10040c66                NVM_Handler
 .text.SPI_Handler
                0x10040c68        0x2 obj/system_bluenrg1.o
                0x10040c68                SPI_Handler
 .text.MFT1A_Handler
                0x10040c6a        0x2 obj/system_bluenrg1.o
                0x10040c6a                MFT1A_Handler
 .text.MFT1B_Handler
                0x10040c6c        0x2 obj/system_bluenrg1.o
                0x10040c6c                MFT1B_Handler
 .text.MFT2A_Handler
                0x10040c6e        0x2 obj/system_bluenrg1.o
                0x10040c6e                MFT2A_Handler
 .text.MFT2B_Handler
                0x10040c70        0x2 obj/system_bluenrg1.o
                0x10040c70                MFT2B_Handler
 .text.RTC_Handler
                0x10040c72        0x2 obj/system_bluenrg1.o
                0x10040c72                RTC_Handler
 .text.WDG_Handler
                0x10040c74        0x2 obj/system_bluenrg1.o
                0x10040c74                WDG_Handler
 .text.ADC_Handler
                0x10040c76        0x2 obj/system_bluenrg1.o
                0x10040c76                ADC_Handler
 .text.I2C2_Handler
                0x10040c78        0x2 obj/system_bluenrg1.o
                0x10040c78                I2C2_Handler
 .text.I2C1_Handler
                0x10040c7a        0x2 obj/system_bluenrg1.o
                0x10040c7a                I2C1_Handler
 .text.DMA_Handler
                0x10040c7c        0x2 obj/system_bluenrg1.o
                0x10040c7c                DMA_Handler
 .text.PKA_Handler
                0x10040c7e        0x2 obj/system_bluenrg1.o
                0x10040c7e                PKA_Handler
 .text.Wait_LS_Stabilization
                0x10040c80       0x90 obj/system_bluenrg1.o
                0x10040c80                Wait_LS_Stabilization
 .text.Set_RF_FrontEnd
                0x10040d10       0x58 obj/system_bluenrg1.o
                0x10040d10                Set_RF_FrontEnd
 .text.BOR_ConfigSave
                0x10040d68       0x50 obj/system_bluenrg1.o
                0x10040d68                BOR_ConfigSave
 .text.SET_BORconfigStatus
                0x10040db8       0x54 obj/system_bluenrg1.o
                0x10040db8                SET_BORconfigStatus
 .text.__low_level_init
                0x10040e0c       0xd4 obj/system_bluenrg1.o
                0x10040e0c                __low_level_init
 .text.RESET_HANDLER
                0x10040ee0       0x80 obj/system_bluenrg1.o
                0x10040ee0                RESET_HANDLER
 .text.DeviceConfiguration
                0x10040f60      0x170 obj/system_bluenrg1.o
                0x10040f60                DeviceConfiguration
 .text.SystemInit
                0x100410d0      0x138 obj/system_bluenrg1.o
                0x100410d0                SystemInit
 .text.memcmp   0x10041208       0x1c c:/program files (x86)/arm gnu toolchain arm-none-eabi/11.2 2022.02/bin/../lib/gcc/arm-none-eabi/11.2.1/thumb/v6-m/nofp\libc_nano.a(lib_a-memcmp.o)
                0x10041208                memcmp
 .text.memcpy   0x10041224       0x12 c:/program files (x86)/arm gnu toolchain arm-none-eabi/11.2 2022.02/bin/../lib/gcc/arm-none-eabi/11.2.1/thumb/v6-m/nofp\libc_nano.a(lib_a-memcpy-stub.o)
                0x10041224                memcpy
 .text.memset   0x10041236       0x10 c:/program files (x86)/arm gnu toolchain arm-none-eabi/11.2 2022.02/bin/../lib/gcc/arm-none-eabi/11.2.1/thumb/v6-m/nofp\libc_nano.a(lib_a-memset.o)
                0x10041236                memset
 *fill*         0x10041246        0x2 
 .text.printf   0x10041248       0x34 c:/program files (x86)/arm gnu toolchain arm-none-eabi/11.2 2022.02/bin/../lib/gcc/arm-none-eabi/11.2.1/thumb/v6-m/nofp\libc_nano.a(lib_a-printf.o)
                0x10041248                iprintf
                0x10041248                printf
 .text._puts_r  0x1004127c       0xc0 c:/program files (x86)/arm gnu toolchain arm-none-eabi/11.2 2022.02/bin/../lib/gcc/arm-none-eabi/11.2.1/thumb/v6-m/nofp\libc_nano.a(lib_a-puts.o)
                0x1004127c                _puts_r
 .text.puts     0x1004133c       0x14 c:/program files (x86)/arm gnu toolchain arm-none-eabi/11.2 2022.02/bin/../lib/gcc/arm-none-eabi/11.2.1/thumb/v6-m/nofp\libc_nano.a(lib_a-puts.o)
                0x1004133c                puts
 .text.__swbuf_r
                0x10041350       0xac c:/program files (x86)/arm gnu toolchain arm-none-eabi/11.2 2022.02/bin/../lib/gcc/arm-none-eabi/11.2.1/thumb/v6-m/nofp\libc_nano.a(lib_a-wbuf.o)
                0x10041350                __swbuf_r
 .text.__swsetup_r
                0x100413fc       0xf0 c:/program files (x86)/arm gnu toolchain arm-none-eabi/11.2 2022.02/bin/../lib/gcc/arm-none-eabi/11.2.1/thumb/v6-m/nofp\libc_nano.a(lib_a-wsetup.o)
                0x100413fc                __swsetup_r
 .text.__sflush_r
                0x100414ec      0x114 c:/program files (x86)/arm gnu toolchain arm-none-eabi/11.2 2022.02/bin/../lib/gcc/arm-none-eabi/11.2.1/thumb/v6-m/nofp\libc_nano.a(lib_a-fflush.o)
                0x100414ec                __sflush_r
 .text._fflush_r
                0x10041600       0x58 c:/program files (x86)/arm gnu toolchain arm-none-eabi/11.2 2022.02/bin/../lib/gcc/arm-none-eabi/11.2.1/thumb/v6-m/nofp\libc_nano.a(lib_a-fflush.o)
                0x10041600                _fflush_r
 .text.std      0x10041658       0x48 c:/program files (x86)/arm gnu toolchain arm-none-eabi/11.2 2022.02/bin/../lib/gcc/arm-none-eabi/11.2.1/thumb/v6-m/nofp\libc_nano.a(lib_a-findfp.o)
 .text._cleanup_r
                0x100416a0       0x10 c:/program files (x86)/arm gnu toolchain arm-none-eabi/11.2 2022.02/bin/../lib/gcc/arm-none-eabi/11.2.1/thumb/v6-m/nofp\libc_nano.a(lib_a-findfp.o)
                0x100416a0                _cleanup_r
 .text.__sfmoreglue
                0x100416b0       0x2c c:/program files (x86)/arm gnu toolchain arm-none-eabi/11.2 2022.02/bin/../lib/gcc/arm-none-eabi/11.2.1/thumb/v6-m/nofp\libc_nano.a(lib_a-findfp.o)
                0x100416b0                __sfmoreglue
 .text.__sinit  0x100416dc       0x64 c:/program files (x86)/arm gnu toolchain arm-none-eabi/11.2 2022.02/bin/../lib/gcc/arm-none-eabi/11.2.1/thumb/v6-m/nofp\libc_nano.a(lib_a-findfp.o)
                0x100416dc                __sinit
 .text.__sfp    0x10041740       0x7c c:/program files (x86)/arm gnu toolchain arm-none-eabi/11.2 2022.02/bin/../lib/gcc/arm-none-eabi/11.2.1/thumb/v6-m/nofp\libc_nano.a(lib_a-findfp.o)
                0x10041740                __sfp
 .text._fwalk_reent
                0x100417bc       0x40 c:/program files (x86)/arm gnu toolchain arm-none-eabi/11.2 2022.02/bin/../lib/gcc/arm-none-eabi/11.2.1/thumb/v6-m/nofp\libc_nano.a(lib_a-fwalk.o)
                0x100417bc                _fwalk_reent
 .text.__swhatbuf_r
                0x100417fc       0x50 c:/program files (x86)/arm gnu toolchain arm-none-eabi/11.2 2022.02/bin/../lib/gcc/arm-none-eabi/11.2.1/thumb/v6-m/nofp\libc_nano.a(lib_a-makebuf.o)
                0x100417fc                __swhatbuf_r
 .text.__smakebuf_r
                0x1004184c       0x84 c:/program files (x86)/arm gnu toolchain arm-none-eabi/11.2 2022.02/bin/../lib/gcc/arm-none-eabi/11.2.1/thumb/v6-m/nofp\libc_nano.a(lib_a-makebuf.o)
                0x1004184c                __smakebuf_r
 .text._free_r  0x100418d0       0x94 c:/program files (x86)/arm gnu toolchain arm-none-eabi/11.2 2022.02/bin/../lib/gcc/arm-none-eabi/11.2.1/thumb/v6-m/nofp\libc_nano.a(lib_a-nano-freer.o)
                0x100418d0                _free_r
 .text.sbrk_aligned
                0x10041964       0x44 c:/program files (x86)/arm gnu toolchain arm-none-eabi/11.2 2022.02/bin/../lib/gcc/arm-none-eabi/11.2.1/thumb/v6-m/nofp\libc_nano.a(lib_a-nano-mallocr.o)
 .text._malloc_r
                0x100419a8       0xf0 c:/program files (x86)/arm gnu toolchain arm-none-eabi/11.2 2022.02/bin/../lib/gcc/arm-none-eabi/11.2.1/thumb/v6-m/nofp\libc_nano.a(lib_a-nano-mallocr.o)
                0x100419a8                _malloc_r
 .text.__sfputc_r
                0x10041a98       0x2a c:/program files (x86)/arm gnu toolchain arm-none-eabi/11.2 2022.02/bin/../lib/gcc/arm-none-eabi/11.2.1/thumb/v6-m/nofp\libc_nano.a(lib_a-nano-vfprintf.o)
 .text.__sfputs_r
                0x10041ac2       0x24 c:/program files (x86)/arm gnu toolchain arm-none-eabi/11.2 2022.02/bin/../lib/gcc/arm-none-eabi/11.2.1/thumb/v6-m/nofp\libc_nano.a(lib_a-nano-vfprintf.o)
                0x10041ac2                __sfputs_r
 *fill*         0x10041ae6        0x2 
 .text._vfprintf_r
                0x10041ae8      0x238 c:/program files (x86)/arm gnu toolchain arm-none-eabi/11.2 2022.02/bin/../lib/gcc/arm-none-eabi/11.2.1/thumb/v6-m/nofp\libc_nano.a(lib_a-nano-vfprintf.o)
                0x10041ae8                _vfprintf_r
                0x10041ae8                _vfiprintf_r
 .text._sbrk_r  0x10041d20       0x24 c:/program files (x86)/arm gnu toolchain arm-none-eabi/11.2 2022.02/bin/../lib/gcc/arm-none-eabi/11.2.1/thumb/v6-m/nofp\libc_nano.a(lib_a-sbrkr.o)
                0x10041d20                _sbrk_r
 .text.__sread  0x10041d44       0x28 c:/program files (x86)/arm gnu toolchain arm-none-eabi/11.2 2022.02/bin/../lib/gcc/arm-none-eabi/11.2.1/thumb/v6-m/nofp\libc_nano.a(lib_a-stdio.o)
                0x10041d44                __sread
 .text.__swrite
                0x10041d6c       0x38 c:/program files (x86)/arm gnu toolchain arm-none-eabi/11.2 2022.02/bin/../lib/gcc/arm-none-eabi/11.2.1/thumb/v6-m/nofp\libc_nano.a(lib_a-stdio.o)
                0x10041d6c                __swrite
 .text.__sseek  0x10041da4       0x2c c:/program files (x86)/arm gnu toolchain arm-none-eabi/11.2 2022.02/bin/../lib/gcc/arm-none-eabi/11.2.1/thumb/v6-m/nofp\libc_nano.a(lib_a-stdio.o)
                0x10041da4                __sseek
 .text.__sclose
                0x10041dd0        0xc c:/program files (x86)/arm gnu toolchain arm-none-eabi/11.2 2022.02/bin/../lib/gcc/arm-none-eabi/11.2.1/thumb/v6-m/nofp\libc_nano.a(lib_a-stdio.o)
                0x10041dd0                __sclose
 .text._write_r
                0x10041ddc       0x28 c:/program files (x86)/arm gnu toolchain arm-none-eabi/11.2 2022.02/bin/../lib/gcc/arm-none-eabi/11.2.1/thumb/v6-m/nofp\libc_nano.a(lib_a-writer.o)
                0x10041ddc                _write_r
 .text._close_r
                0x10041e04       0x24 c:/program files (x86)/arm gnu toolchain arm-none-eabi/11.2 2022.02/bin/../lib/gcc/arm-none-eabi/11.2.1/thumb/v6-m/nofp\libc_nano.a(lib_a-closer.o)
                0x10041e04                _close_r
 .text._fstat_r
                0x10041e28       0x24 c:/program files (x86)/arm gnu toolchain arm-none-eabi/11.2 2022.02/bin/../lib/gcc/arm-none-eabi/11.2.1/thumb/v6-m/nofp\libc_nano.a(lib_a-fstatr.o)
                0x10041e28                _fstat_r
 .text._isatty_r
                0x10041e4c       0x24 c:/program files (x86)/arm gnu toolchain arm-none-eabi/11.2 2022.02/bin/../lib/gcc/arm-none-eabi/11.2.1/thumb/v6-m/nofp\libc_nano.a(lib_a-isattyr.o)
                0x10041e4c                _isatty_r
 .text._lseek_r
                0x10041e70       0x28 c:/program files (x86)/arm gnu toolchain arm-none-eabi/11.2 2022.02/bin/../lib/gcc/arm-none-eabi/11.2.1/thumb/v6-m/nofp\libc_nano.a(lib_a-lseekr.o)
                0x10041e70                _lseek_r
 .text.memchr   0x10041e98       0x16 c:/program files (x86)/arm gnu toolchain arm-none-eabi/11.2 2022.02/bin/../lib/gcc/arm-none-eabi/11.2.1/thumb/v6-m/nofp\libc_nano.a(lib_a-memchr-stub.o)
                0x10041e98                memchr
 .text.memmove  0x10041eae       0x26 c:/program files (x86)/arm gnu toolchain arm-none-eabi/11.2 2022.02/bin/../lib/gcc/arm-none-eabi/11.2.1/thumb/v6-m/nofp\libc_nano.a(lib_a-memmove.o)
                0x10041eae                memmove
 .text.__malloc_lock
                0x10041ed4        0x2 c:/program files (x86)/arm gnu toolchain arm-none-eabi/11.2 2022.02/bin/../lib/gcc/arm-none-eabi/11.2.1/thumb/v6-m/nofp\libc_nano.a(lib_a-mlock.o)
                0x10041ed4                __malloc_lock
 .text.__malloc_unlock
                0x10041ed6        0x2 c:/program files (x86)/arm gnu toolchain arm-none-eabi/11.2 2022.02/bin/../lib/gcc/arm-none-eabi/11.2.1/thumb/v6-m/nofp\libc_nano.a(lib_a-mlock.o)
                0x10041ed6                __malloc_unlock
 .text._printf_common
                0x10041ed8       0xde c:/program files (x86)/arm gnu toolchain arm-none-eabi/11.2 2022.02/bin/../lib/gcc/arm-none-eabi/11.2.1/thumb/v6-m/nofp\libc_nano.a(lib_a-nano-vfprintf_i.o)
                0x10041ed8                _printf_common
 *fill*         0x10041fb6        0x2 
 .text._printf_i
                0x10041fb8      0x220 c:/program files (x86)/arm gnu toolchain arm-none-eabi/11.2 2022.02/bin/../lib/gcc/arm-none-eabi/11.2.1/thumb/v6-m/nofp\libc_nano.a(lib_a-nano-vfprintf_i.o)
                0x10041fb8                _printf_i
 .text._read_r  0x100421d8       0x28 c:/program files (x86)/arm gnu toolchain arm-none-eabi/11.2 2022.02/bin/../lib/gcc/arm-none-eabi/11.2.1/thumb/v6-m/nofp\libc_nano.a(lib_a-readr.o)
                0x100421d8                _read_r
 .text.__aeabi_memmove
                0x10042200        0x8 c:/program files (x86)/arm gnu toolchain arm-none-eabi/11.2 2022.02/bin/../lib/gcc/arm-none-eabi/11.2.1/thumb/v6-m/nofp\libc.a(lib_a-aeabi_memmove.o)
                0x10042200                __aeabi_memmove
                0x10042200                __aeabi_memmove4
                0x10042200                __aeabi_memmove8
 .text.__aeabi_uread4
                0x10042208       0x18 c:/program files (x86)/arm gnu toolchain arm-none-eabi/11.2 2022.02/bin/../lib/gcc/arm-none-eabi/11.2.1/thumb/v6-m/nofp\libgcc.a(unaligned-funcs.o)
                0x10042208                __aeabi_uread4
 *(i.*)
 i._aci_gap_set_discoverable_param_check
                0x10042220       0x5c ./assembly\libbluenrg1_stack.a(bluenrg_gap_aci.o)
 i.aci_gap_init
                0x1004227c       0x30 ./assembly\libbluenrg1_stack.a(bluenrg_gap_aci.o)
                0x1004227c                aci_gap_init
 i.aci_gap_set_discoverable
                0x100422ac       0x42 ./assembly\libbluenrg1_stack.a(bluenrg_gap_aci.o)
                0x100422ac                aci_gap_set_discoverable
 i.aci_gatt_init
                0x100422ee        0x8 ./assembly\libbluenrg1_stack.a(bluenrg_gatt_aci.o)
                0x100422ee                aci_gatt_init
 i.aci_gatt_update_char_value_ext
                0x100422f6       0x22 ./assembly\libbluenrg1_stack.a(bluenrg_gatt_aci.o)
                0x100422f6                aci_gatt_update_char_value_ext
 i.aci_hal_set_tx_power_level
                0x10042318        0x8 ./assembly\libbluenrg1_stack.a(bluenrg_hal_aci.o)
                0x10042318                aci_hal_set_tx_power_level
 i.aci_hal_write_config_data
                0x10042320        0x8 ./assembly\libbluenrg1_stack.a(bluenrg_hal_aci.o)
                0x10042320                aci_hal_write_config_data
 i.BTLE_StackTick
                0x10042328       0x84 ./assembly\libbluenrg1_stack.a(bluenrg_main_func.o)
                0x10042328                BTLE_StackTick
 i.BlueNRG_Stack_Initialization
                0x100423ac       0x44 ./assembly\libbluenrg1_stack.a(bluenrg_main_func.o)
                0x100423ac                BlueNRG_Stack_Initialization
 i.BlueNRG_Stack_Initialize_ConfigData
                0x100423f0       0x64 ./assembly\libbluenrg1_stack.a(bluenrg_main_func.o)
 i.BlueNRG_Stack_Initialize_Layers
                0x10042454       0x84 ./assembly\libbluenrg1_stack.a(bluenrg_main_func.o)
 i.BlueNRG_Stack_Initialize_RAM_check
                0x100424d8       0x7c ./assembly\libbluenrg1_stack.a(bluenrg_main_func.o)
 i.BlueNRG_Stack_Perform_Crystal_Check
                0x10042554       0xc4 ./assembly\libbluenrg1_stack.a(bluenrg_main_func.o)
 i.BlueNRG_Start_Crystal_Measurement
                0x10042618       0x1c ./assembly\libbluenrg1_stack.a(bluenrg_main_func.o)
 i._BlueNRG_Stack_Initialization
                0x10042634       0xe8 ./assembly\libbluenrg1_stack.a(bluenrg_main_func.o)
                0x10042634                _BlueNRG_Stack_Initialization
 i.GAP_Connection_Complete_Handler
                0x1004271c       0x68 ./assembly\libbluenrg1_stack.a(gap.o)
                0x1004271c                GAP_Connection_Complete_Handler
 i.GAP_DiscProcTimeoutcb_ucfg
                0x10042784        0x2 ./assembly\libbluenrg1_stack.a(gap.o)
                0x10042784                GAP_DiscProcTimeoutcb_ucfg
 *fill*         0x10042786        0x2 
 i.GAP_Init     0x10042788      0x1fc ./assembly\libbluenrg1_stack.a(gap.o)
                0x10042788                GAP_Init
 i.GAP_Init_Context
                0x10042984       0x14 ./assembly\libbluenrg1_stack.a(gap.o)
                0x10042984                GAP_Init_Context
 i.GAP_LL_Event_Handler_ISR
                0x10042998       0x68 ./assembly\libbluenrg1_stack.a(gap.o)
                0x10042998                GAP_LL_Event_Handler_ISR
 i.GAP_LimDiscTimeoutcb
                0x10042a00       0x2c ./assembly\libbluenrg1_stack.a(gap.o)
                0x10042a00                GAP_LimDiscTimeoutcb
 i.GAP_Process_Q
                0x10042a2c       0x40 ./assembly\libbluenrg1_stack.a(gap.o)
                0x10042a2c                GAP_Process_Q
 i.GAP_Set_Discoverable_Mode
                0x10042a6c       0x38 ./assembly\libbluenrg1_stack.a(gap.o)
                0x10042a6c                GAP_Set_Discoverable_Mode
 i.GAP_check_and_set_role_ucfg
                0x10042aa4       0x1c ./assembly\libbluenrg1_stack.a(gap.o)
                0x10042aa4                GAP_check_and_set_role_ucfg
 i.GAP_discover_peer_name_ucfg
                0x10042ac0        0x2 ./assembly\libbluenrg1_stack.a(gap.o)
                0x10042ac0                GAP_discover_peer_name_ucfg
 i.GAP_enable_controller_privacy_ucfg
                0x10042ac2        0x4 ./assembly\libbluenrg1_stack.a(gap.o)
                0x10042ac2                GAP_enable_controller_privacy_ucfg
 *fill*         0x10042ac6        0x2 
 i._GAP_Parse_Advertising_Report
                0x10042ac8       0x64 ./assembly\libbluenrg1_stack.a(gap.o)
 i._gap_set_discoverable_connectable
                0x10042b2c      0x174 ./assembly\libbluenrg1_stack.a(gap.o)
                0x10042b2c                _gap_set_discoverable_connectable
 i.aci_gap_limited_discoverable_event_push
                0x10042ca0       0x50 ./assembly\libbluenrg1_stack.a(gap.o)
 i.aci_gap_proc_complete_event_push
                0x10042cf0       0x74 ./assembly\libbluenrg1_stack.a(gap.o)
 i.advParamsCheckAndSet
                0x10042d64       0x88 ./assembly\libbluenrg1_stack.a(gap.o)
                0x10042d64                advParamsCheckAndSet
 i.gapClearAllModeFlags
                0x10042dec       0x14 ./assembly\libbluenrg1_stack.a(gap.o)
                0x10042dec                gapClearAllModeFlags
 i.setGapAdvData
                0x10042e00      0x104 ./assembly\libbluenrg1_stack.a(gap.o)
                0x10042e00                setGapAdvData
 i.Find_Gatt_Client
                0x10042f04       0x3c ./assembly\libbluenrg1_stack.a(gatt_client.o)
                0x10042f04                Find_Gatt_Client
 i.Build_Notif_Or_Ind
                0x10042f40       0x3e ./assembly\libbluenrg1_stack.a(gatt_server.o)
                0x10042f40                Build_Notif_Or_Ind
 *fill*         0x10042f7e        0x2 
 i.Check_For_Service_Change
                0x10042f80      0x34c ./assembly\libbluenrg1_stack.a(gatt_server.o)
                0x10042f80                Check_For_Service_Change
 i.Find_Attr_Index
                0x100432cc       0x50 ./assembly\libbluenrg1_stack.a(gatt_server.o)
                0x100432cc                Find_Attr_Index
 i.Find_Timed_Out_Connection
                0x1004331c       0x20 ./assembly\libbluenrg1_stack.a(gatt_server.o)
                0x1004331c                Find_Timed_Out_Connection
 i.GATT_Connection_Complete_Handler
                0x1004333c       0x44 ./assembly\libbluenrg1_stack.a(gatt_server.o)
                0x1004333c                GATT_Connection_Complete_Handler
 i.GATT_Send_Packet
                0x10043380       0x2c ./assembly\libbluenrg1_stack.a(gatt_server.o)
                0x10043380                GATT_Send_Packet
 i.GATT_Server_Set_Flag
                0x100433ac       0x18 ./assembly\libbluenrg1_stack.a(gatt_server.o)
 i.GATT_TimeOut_Handler
                0x100433c4       0x1a ./assembly\libbluenrg1_stack.a(gatt_server.o)
                0x100433c4                GATT_TimeOut_Handler
 *fill*         0x100433de        0x2 
 i.Gatt_Add_Charac_Desc
                0x100433e0      0x160 ./assembly\libbluenrg1_stack.a(gatt_server.o)
                0x100433e0                Gatt_Add_Charac_Desc
 i.Gatt_Add_Characteristic
                0x10043540      0x33c ./assembly\libbluenrg1_stack.a(gatt_server.o)
                0x10043540                Gatt_Add_Characteristic
 i.Gatt_Add_Descriptor
                0x1004387c      0x158 ./assembly\libbluenrg1_stack.a(gatt_server.o)
                0x1004387c                Gatt_Add_Descriptor
 i.Gatt_Add_Service
                0x100439d4      0x160 ./assembly\libbluenrg1_stack.a(gatt_server.o)
                0x100439d4                Gatt_Add_Service
 i.Gatt_Find_Srv_From_Handle
                0x10043b34       0x2c ./assembly\libbluenrg1_stack.a(gatt_server.o)
                0x10043b34                Gatt_Find_Srv_From_Handle
 i.Gatt_Find_Srv_Owner_Of_Handle
                0x10043b60       0x48 ./assembly\libbluenrg1_stack.a(gatt_server.o)
                0x10043b60                Gatt_Find_Srv_Owner_Of_Handle
 i.Gatt_Find_Timed_Out_Connection_Index
                0x10043ba8       0x38 ./assembly\libbluenrg1_stack.a(gatt_server.o)
                0x10043ba8                Gatt_Find_Timed_Out_Connection_Index
 i.Gatt_Flush_Pending_AclPacket_Lists
                0x10043be0       0x34 ./assembly\libbluenrg1_stack.a(gatt_server.o)
 i.Gatt_Process_Q
                0x10043c14      0x19c ./assembly\libbluenrg1_stack.a(gatt_server.o)
                0x10043c14                Gatt_Process_Q
 i.Gatt_Reset_To_Closed_State
                0x10043db0       0xfc ./assembly\libbluenrg1_stack.a(gatt_server.o)
 i.Gatt_Server_Db_Check
                0x10043eac       0x38 ./assembly\libbluenrg1_stack.a(gatt_server.o)
                0x10043eac                Gatt_Server_Db_Check
 i.Gatt_Server_Init
                0x10043ee4      0x194 ./assembly\libbluenrg1_stack.a(gatt_server.o)
                0x10043ee4                Gatt_Server_Init
 i.Gatt_Server_L2C_Handler
                0x10044078      0x21c ./assembly\libbluenrg1_stack.a(gatt_server.o)
                0x10044078                Gatt_Server_L2C_Handler
 i.Gatt_Server_L2C_Handler_ISR
                0x10044294       0x4c ./assembly\libbluenrg1_stack.a(gatt_server.o)
                0x10044294                Gatt_Server_L2C_Handler_ISR
 i.Gatt_Store_Server_Database_And_Reset_CCCD
                0x100442e0      0x170 ./assembly\libbluenrg1_stack.a(gatt_server.o)
 i.Gatt_Update_Charac_Value
                0x10044450       0x68 ./assembly\libbluenrg1_stack.a(gatt_server.o)
                0x10044450                Gatt_Update_Charac_Value
 i.Gatt_Update_Charac_Value_Ext
                0x100444b8      0x390 ./assembly\libbluenrg1_stack.a(gatt_server.o)
                0x100444b8                Gatt_Update_Charac_Value_Ext
 i.Gatt_fetch_handle
                0x10044848       0x3c ./assembly\libbluenrg1_stack.a(gatt_server.o)
                0x10044848                Gatt_fetch_handle
 i.Gatt_search_handle
                0x10044884       0x1e ./assembly\libbluenrg1_stack.a(gatt_server.o)
                0x10044884                Gatt_search_handle
 *fill*         0x100448a2        0x2 
 i.Gatt_search_service_handle
                0x100448a4       0x30 ./assembly\libbluenrg1_stack.a(gatt_server.o)
                0x100448a4                Gatt_search_service_handle
 i.Ind_Service_Change_Charac
                0x100448d4       0x48 ./assembly\libbluenrg1_stack.a(gatt_server.o)
                0x100448d4                Ind_Service_Change_Charac
 i.Pm_Resize_Host_Acl_Pckt
                0x1004491c        0xe ./assembly\libbluenrg1_stack.a(gatt_server.o)
 *fill*         0x1004492a        0x2 
 i.Process_Peer_Client_Data
                0x1004492c      0x1f8 ./assembly\libbluenrg1_stack.a(gatt_server.o)
                0x1004492c                Process_Peer_Client_Data
 i.Process_Peer_Server_Data
                0x10044b24      0x16c ./assembly\libbluenrg1_stack.a(gatt_server.o)
                0x10044b24                Process_Peer_Server_Data
 i.Select_Next_Notification_Client
                0x10044c90       0x50 ./assembly\libbluenrg1_stack.a(gatt_server.o)
                0x10044c90                Select_Next_Notification_Client
 i.Send_Notif_Or_Ind
                0x10044ce0       0x4c ./assembly\libbluenrg1_stack.a(gatt_server.o)
                0x10044ce0                Send_Notif_Or_Ind
 i.aci_gatt_indication_event_push
                0x10044d2c       0x90 ./assembly\libbluenrg1_stack.a(gatt_server.o)
 i.aci_gatt_notification_event_push
                0x10044dbc       0x90 ./assembly\libbluenrg1_stack.a(gatt_server.o)
 i.aci_hal_fw_error_event_push
                0x10044e4c       0x5c ./assembly\libbluenrg1_stack.a(gatt_server.o)
 i.store_data   0x10044ea8       0x1e ./assembly\libbluenrg1_stack.a(gatt_server.o)
                0x10044ea8                store_data
 i.__ARM_common_switch8
                0x10044ec6       0x1a ./assembly\libbluenrg1_stack.a(gatt_server.o)
                0x10044ec6                __ARM_common_switch8
 i.HAL_Flash_Store_Data
                0x10044ee0       0x54 ./assembly\libbluenrg1_stack.a(hal.o)
                0x10044ee0                HAL_Flash_Store_Data
 i.HAL_Generate_Random_Bytes_To
                0x10044f34       0x20 ./assembly\libbluenrg1_stack.a(hal.o)
                0x10044f34                HAL_Generate_Random_Bytes_To
 i.HAL_Set_TX_Power_Level
                0x10044f54       0x44 ./assembly\libbluenrg1_stack.a(hal.o)
                0x10044f54                HAL_Set_TX_Power_Level
 i.HAL_Write_ConfigData
                0x10044f98      0x11c ./assembly\libbluenrg1_stack.a(hal.o)
                0x10044f98                HAL_Write_ConfigData
 i.Hal_Get_Random_Number
                0x100450b4       0x3a ./assembly\libbluenrg1_stack.a(hal.o)
                0x100450b4                Hal_Get_Random_Number
 i.Hal_Get_Random_Number32
                0x100450ee       0x12 ./assembly\libbluenrg1_stack.a(hal.o)
                0x100450ee                Hal_Get_Random_Number32
 i.aci_hal_end_of_radio_activity_event
                0x10045100        0x2 ./assembly\libbluenrg1_stack.a(hal.o)
                0x10045100                aci_hal_end_of_radio_activity_event
 *fill*         0x10045102        0x2 
 i.ble_HAL_Init
                0x10045104       0x1c ./assembly\libbluenrg1_stack.a(hal.o)
                0x10045104                ble_HAL_Init
 i.char_copy    0x10045120       0x12 ./assembly\libbluenrg1_stack.a(hal.o)
                0x10045120                char_copy
 *fill*         0x10045132        0x2 
 i.hal_radio_activity_state_callback_check
                0x10045134       0x34 ./assembly\libbluenrg1_stack.a(hal.o)
                0x10045134                hal_radio_activity_state_callback_check
 i.hal_radio_activity_state_init
                0x10045168       0x1c ./assembly\libbluenrg1_stack.a(hal.o)
                0x10045168                hal_radio_activity_state_init
 i.hal_read_radio_activity_state
                0x10045184       0x40 ./assembly\libbluenrg1_stack.a(hal.o)
                0x10045184                hal_read_radio_activity_state
 i.set_string   0x100451c4       0x10 ./assembly\libbluenrg1_stack.a(hal.o)
                0x100451c4                set_string
 i.Controller_Process_Q
                0x100451d4       0x1c ./assembly\libbluenrg1_stack.a(hci.o)
                0x100451d4                Controller_Process_Q
 i.HCI_Init     0x100451f0       0x7c ./assembly\libbluenrg1_stack.a(hci.o)
                0x100451f0                HCI_Init
 i.PKA_Offline_Processing_ucfg
                0x1004526c        0x2 ./assembly\libbluenrg1_stack.a(hci.o)
                0x1004526c                PKA_Offline_Processing_ucfg
 i.PRIV_controller_privacy_csr_ucfg
                0x1004526e        0x4 ./assembly\libbluenrg1_stack.a(hci.o)
                0x1004526e                PRIV_controller_privacy_csr_ucfg
 i.data_length_extension_csr_ucfg
                0x10045272        0x4 ./assembly\libbluenrg1_stack.a(hci.o)
                0x10045272                data_length_extension_csr_ucfg
 *fill*         0x10045276        0x2 
 i.hci_acl_Process_Q
                0x10045278       0x6c ./assembly\libbluenrg1_stack.a(hci.o)
                0x10045278                hci_acl_Process_Q
 i.hci_le_encrypt
                0x100452e4        0xa ./assembly\libbluenrg1_stack.a(hci.o)
                0x100452e4                hci_le_encrypt
 i.hci_le_long_term_key_request_reply
                0x100452ee        0xe ./assembly\libbluenrg1_stack.a(hci.o)
                0x100452ee                hci_le_long_term_key_request_reply
 i.hci_le_long_term_key_requested_negative_reply
                0x100452fc        0xe ./assembly\libbluenrg1_stack.a(hci.o)
                0x100452fc                hci_le_long_term_key_requested_negative_reply
 i.hci_le_set_advertising_data
                0x1004530a       0x16 ./assembly\libbluenrg1_stack.a(hci.o)
                0x1004530a                hci_le_set_advertising_data
 i.hci_le_set_scan_response_data
                0x10045320       0x16 ./assembly\libbluenrg1_stack.a(hci.o)
                0x10045320                hci_le_set_scan_response_data
 *fill*         0x10045336        0x2 
 i.hci_rx_acl_data
                0x10045338       0x6c ./assembly\libbluenrg1_stack.a(hci.o)
                0x10045338                hci_rx_acl_data
 i.hci_tx_acl_data_done
                0x100453a4       0x44 ./assembly\libbluenrg1_stack.a(hci.o)
                0x100453a4                hci_tx_acl_data_done
 i.HAL_VTimerAcc_sysT32_ms
                0x100453e8       0x24 ./assembly\libbluenrg1_stack.a(host_timer.o)
                0x100453e8                HAL_VTimerAcc_sysT32_ms
 i.HAL_VTimerGetCurrentTime_sysT32
                0x1004540c       0x12 ./assembly\libbluenrg1_stack.a(host_timer.o)
                0x1004540c                HAL_VTimerGetCurrentTime_sysT32
 i.HAL_VTimerTimeoutCallback
                0x1004541e        0x2 ./assembly\libbluenrg1_stack.a(host_timer.o)
                0x1004541e                HAL_VTimerTimeoutCallback
 i.Set_Host_Timer_value
                0x10045420       0x50 ./assembly\libbluenrg1_stack.a(host_timer.o)
                0x10045420                Set_Host_Timer_value
 i.TimerCallback
                0x10045470       0x7c ./assembly\libbluenrg1_stack.a(host_timer.o)
 i.Timer_ExpiryCallback
                0x100454ec       0x14 ./assembly\libbluenrg1_stack.a(host_timer.o)
                0x100454ec                Timer_ExpiryCallback
 i.Timer_Init   0x10045500       0x34 ./assembly\libbluenrg1_stack.a(host_timer.o)
                0x10045500                Timer_Init
 i.Timer_ProcessQ
                0x10045534      0x11c ./assembly\libbluenrg1_stack.a(host_timer.o)
                0x10045534                Timer_ProcessQ
 i.Timer_StartOneShot
                0x10045650       0x22 ./assembly\libbluenrg1_stack.a(host_timer.o)
                0x10045650                Timer_StartOneShot
 *fill*         0x10045672        0x2 
 i.Timer_StartOneShot_sysTime32
                0x10045674       0x74 ./assembly\libbluenrg1_stack.a(host_timer.o)
                0x10045674                Timer_StartOneShot_sysTime32
 i.Timer_StopOneShot
                0x100456e8       0x58 ./assembly\libbluenrg1_stack.a(host_timer.o)
                0x100456e8                Timer_StopOneShot
 i.Timer_sysTime32_convMachineTime
                0x10045740       0x24 ./assembly\libbluenrg1_stack.a(host_timer.o)
                0x10045740                Timer_sysTime32_convMachineTime
 i.L2C_Build_Command_Reject_Pdu
                0x10045764       0x7c ./assembly\libbluenrg1_stack.a(l2cap.o)
                0x10045764                L2C_Build_Command_Reject_Pdu
 i.L2C_Connection_Complete_Handler
                0x100457e0       0x4a ./assembly\libbluenrg1_stack.a(l2cap.o)
                0x100457e0                L2C_Connection_Complete_Handler
 i.L2C_Connection_Complete_Signal_Handler
                0x1004582a       0x2a ./assembly\libbluenrg1_stack.a(l2cap.o)
                0x1004582a                L2C_Connection_Complete_Signal_Handler
 i.L2C_Get_Connection_Info
                0x10045854       0x34 ./assembly\libbluenrg1_stack.a(l2cap.o)
 i.L2C_Get_Connection_Info_Index
                0x10045888       0x30 ./assembly\libbluenrg1_stack.a(l2cap.o)
 i.L2C_Get_PDU_Len
                0x100458b8        0xe ./assembly\libbluenrg1_stack.a(l2cap.o)
                0x100458b8                L2C_Get_PDU_Len
 *fill*         0x100458c6        0x2 
 i.L2C_Init     0x100458c8       0x58 ./assembly\libbluenrg1_stack.a(l2cap.o)
                0x100458c8                L2C_Init
 i.L2C_Mux_Acl_Packet
                0x10045920       0x58 ./assembly\libbluenrg1_stack.a(l2cap.o)
 i.L2C_Rcv_Data
                0x10045978       0xcc ./assembly\libbluenrg1_stack.a(l2cap.o)
 i.L2C_Rcv_Event_Handler
                0x10045a44       0x1e ./assembly\libbluenrg1_stack.a(l2cap.o)
                0x10045a44                L2C_Rcv_Event_Handler
 i.L2C_Rcv_Event_Handler_ISR
                0x10045a62       0x54 ./assembly\libbluenrg1_stack.a(l2cap.o)
                0x10045a62                L2C_Rcv_Event_Handler_ISR
 *fill*         0x10045ab6        0x2 
 i.L2C_Reset_To_Closed_State
                0x10045ab8       0x7c ./assembly\libbluenrg1_stack.a(l2cap.o)
 i.L2C_Send_Data
                0x10045b34       0x4c ./assembly\libbluenrg1_stack.a(l2cap.o)
                0x10045b34                L2C_Send_Data
 i.L2C_SigChan_Req_TimeOut_Handler
                0x10045b80       0x60 ./assembly\libbluenrg1_stack.a(l2cap.o)
                0x10045b80                L2C_SigChan_Req_TimeOut_Handler
 i.L2C_Signal_Channel_Handler
                0x10045be0      0x1b0 ./assembly\libbluenrg1_stack.a(l2cap.o)
                0x10045be0                L2C_Signal_Channel_Handler
 i.L2C_Signal_Channel_Handler_ISR
                0x10045d90       0x24 ./assembly\libbluenrg1_stack.a(l2cap.o)
                0x10045d90                L2C_Signal_Channel_Handler_ISR
 i.L2C_discard_accumulated_acl_data
                0x10045db4       0x5c ./assembly\libbluenrg1_stack.a(l2cap.o)
 i.aci_l2cap_connection_update_req_event_push
                0x10045e10       0x98 ./assembly\libbluenrg1_stack.a(l2cap.o)
 i.Data_Length_Update_Control_ISR_ucfg
                0x10045ea8        0x4 ./assembly\libbluenrg1_stack.a(ll_isr.o)
                0x10045ea8                Data_Length_Update_Control_ISR_ucfg
 i.RAL_Isr      0x10045eac      0x218 ./assembly\libbluenrg1_stack.a(ll_isr.o)
                0x10045eac                RAL_Isr
 i.copy_4_u32   0x100460c4       0x12 ./assembly\libbluenrg1_stack.a(ll_isr.o)
                0x100460c4                copy_4_u32
 *fill*         0x100460d6        0x2 
 i.copy_tx_data_packet
                0x100460d8       0x84 ./assembly\libbluenrg1_stack.a(ll_isr.o)
                0x100460d8                copy_tx_data_packet
 i.encrypt      0x1004615c       0x74 ./assembly\libbluenrg1_stack.a(ll_isr.o)
                0x1004615c                encrypt
 i.isr_advertise_state
                0x100461d0      0x398 ./assembly\libbluenrg1_stack.a(ll_isr.o)
 i.isr_connect_slave_state
                0x10046568      0x7e4 ./assembly\libbluenrg1_stack.a(ll_isr.o)
 i.isr_test_rx_state
                0x10046d4c       0x34 ./assembly\libbluenrg1_stack.a(ll_isr.o)
 i.isr_test_tx_state
                0x10046d80       0x64 ./assembly\libbluenrg1_stack.a(ll_isr.o)
 i.isr_unknown_state
                0x10046de4       0x2c ./assembly\libbluenrg1_stack.a(ll_isr.o)
 i.state_func_call_init_csr_ucfg
                0x10046e10        0x2 ./assembly\libbluenrg1_stack.a(ll_isr.o)
                0x10046e10                state_func_call_init_csr_ucfg
 i.__ARM_common_memcpy1_6
                0x10046e12       0x1a ./assembly\libbluenrg1_stack.a(ll_isr.o)
                0x10046e12                __ARM_common_memcpy1_6
 i.LL_LE_Clear_White_List
                0x10046e2c       0x28 ./assembly\libbluenrg1_stack.a(ll_privacy.o)
                0x10046e2c                LL_LE_Clear_White_List
 i.PRIVWHIT_u8SearchAddrInList
                0x10046e54       0x84 ./assembly\libbluenrg1_stack.a(ll_privacy.o)
                0x10046e54                PRIVWHIT_u8SearchAddrInList
 i.PRIVWHIT_vInit_Struct
                0x10046ed8       0xb8 ./assembly\libbluenrg1_stack.a(ll_privacy.o)
                0x10046ed8                PRIVWHIT_vInit_Struct
 i.PRIV_SearchAddrInWhiteList
                0x10046f90       0x58 ./assembly\libbluenrg1_stack.a(ll_privacy.o)
                0x10046f90                PRIV_SearchAddrInWhiteList
 i.PRIV_u32ProcessAdvPacket_ucfg
                0x10046fe8        0x4 ./assembly\libbluenrg1_stack.a(ll_privacy.o)
                0x10046fe8                PRIV_u32ProcessAdvPacket_ucfg
 i.PRIV_u8OfflineProcessing_ucfg
                0x10046fec        0x4 ./assembly\libbluenrg1_stack.a(ll_privacy.o)
                0x10046fec                PRIV_u8OfflineProcessing_ucfg
 i.PRIV_vGeneratePrivateAddress_ucfg
                0x10046ff0        0x2 ./assembly\libbluenrg1_stack.a(ll_privacy.o)
                0x10046ff0                PRIV_vGeneratePrivateAddress_ucfg
 i.PRIV_vGenerate_hci_le_enhanced_connection_complete_event_ucfg
                0x10046ff2        0x2 ./assembly\libbluenrg1_stack.a(ll_privacy.o)
                0x10046ff2                PRIV_vGenerate_hci_le_enhanced_connection_complete_event_ucfg
 i.Data_Len_Update_Offline_Processing_ucfg
                0x10046ff4        0x2 ./assembly\libbluenrg1_stack.a(ll_routines.o)
                0x10046ff4                Data_Len_Update_Offline_Processing_ucfg
 *fill*         0x10046ff6        0x2 
 i.Disconnection_Offline_Processing
                0x10046ff8       0x48 ./assembly\libbluenrg1_stack.a(ll_routines.o)
                0x10046ff8                Disconnection_Offline_Processing
 i.LL_Data_Length_Change_Event_ucfg
                0x10047040        0x4 ./assembly\libbluenrg1_stack.a(ll_routines.o)
                0x10047040                LL_Data_Length_Change_Event_ucfg
 i.LL_Send_Disconnection_Req
                0x10047044       0xa4 ./assembly\libbluenrg1_stack.a(ll_routines.o)
                0x10047044                LL_Send_Disconnection_Req
 i.LL_Send_Length_Resp_ucfg
                0x100470e8        0x4 ./assembly\libbluenrg1_stack.a(ll_routines.o)
                0x100470e8                LL_Send_Length_Resp_ucfg
 i.ll_write_supported_data_ucfg
                0x100470ec        0x4 ./assembly\libbluenrg1_stack.a(ll_routines.o)
                0x100470ec                ll_write_supported_data_ucfg
 i.read_rssi    0x100470f0       0x7c ./assembly\libbluenrg1_stack.a(ll_routines.o)
                0x100470f0                read_rssi
 i.Reclassify_All_Channels_ucfg
                0x1004716c        0x2 ./assembly\libbluenrg1_stack.a(ll_routines_master.o)
                0x1004716c                Reclassify_All_Channels_ucfg
 *fill*         0x1004716e        0x2 
 i.hci_encryption_change_event_push
                0x10047170       0x5c ./assembly\libbluenrg1_stack.a(ll_routines_master.o)
 i.hci_encryption_key_refresh_complete_event_push
                0x100471cc       0x58 ./assembly\libbluenrg1_stack.a(ll_routines_master.o)
 i.hci_le_connection_complete_event_push
                0x10047224       0x88 ./assembly\libbluenrg1_stack.a(ll_routines_master.o)
 i.hci_le_connection_update_complete_event_push
                0x100472ac       0x6c ./assembly\libbluenrg1_stack.a(ll_routines_master.o)
 i.isr_event_handler
                0x10047318      0x5fc ./assembly\libbluenrg1_stack.a(ll_routines_master.o)
                0x10047318                isr_event_handler
 i.isr_event_handler_scan_data_ucfg
                0x10047914        0x2 ./assembly\libbluenrg1_stack.a(ll_routines_master.o)
                0x10047914                isr_event_handler_scan_data_ucfg
 *fill*         0x10047916        0x2 
 i.LL_Encrypt_Plain_Data_ucfg
                0x10047918       0x9c ./assembly\libbluenrg1_stack.a(ll_routines_support.o)
                0x10047918                LL_Encrypt_Plain_Data_ucfg
 i.LL_Set_LTK   0x100479b4       0x9c ./assembly\libbluenrg1_stack.a(ll_routines_support.o)
                0x100479b4                LL_Set_LTK
 i.Dynamic_allocator
                0x10047a50      0x264 ./assembly\libbluenrg1_stack.a(mem_alloc.o)
                0x10047a50                Dynamic_allocator
 i.Dynamic_allocator_noRet
                0x10047cb4        0x2 ./assembly\libbluenrg1_stack.a(mem_alloc.o)
                0x10047cb4                Dynamic_allocator_noRet
 i.Mem_assign   0x10047cb6       0x16 ./assembly\libbluenrg1_stack.a(mem_alloc.o)
 i.mem_alloc_ctx_init
                0x10047ccc       0xa8 ./assembly\libbluenrg1_stack.a(mem_alloc.o)
                0x10047ccc                mem_alloc_ctx_init
 i.Mem_Buff_Append
                0x10047d74       0x12 ./assembly\libbluenrg1_stack.a(mem_buff.o)
                0x10047d74                Mem_Buff_Append
 i.Mem_Buff_Block_Copy
                0x10047d86       0x48 ./assembly\libbluenrg1_stack.a(mem_buff.o)
                0x10047d86                Mem_Buff_Block_Copy
 i.Mem_Buff_Block_Write
                0x10047dce       0x56 ./assembly\libbluenrg1_stack.a(mem_buff.o)
                0x10047dce                Mem_Buff_Block_Write
 i.Mem_Buff_Clone
                0x10047e24       0x32 ./assembly\libbluenrg1_stack.a(mem_buff.o)
                0x10047e24                Mem_Buff_Clone
 i.Mem_Buff_Cmp
                0x10047e56       0x78 ./assembly\libbluenrg1_stack.a(mem_buff.o)
                0x10047e56                Mem_Buff_Cmp
 i.Mem_Buff_Compact
                0x10047ece       0xba ./assembly\libbluenrg1_stack.a(mem_buff.o)
                0x10047ece                Mem_Buff_Compact
 i.Mem_Buff_Get
                0x10047f88       0x2e ./assembly\libbluenrg1_stack.a(mem_buff.o)
                0x10047f88                Mem_Buff_Get
 i.Mem_Buff_Get_Chain_Count
                0x10047fb6       0x14 ./assembly\libbluenrg1_stack.a(mem_buff.o)
                0x10047fb6                Mem_Buff_Get_Chain_Count
 i.Mem_Buff_Get_Chain_Size
                0x10047fca       0x14 ./assembly\libbluenrg1_stack.a(mem_buff.o)
                0x10047fca                Mem_Buff_Get_Chain_Size
 i.Mem_Buff_Init
                0x10047fde       0x6a ./assembly\libbluenrg1_stack.a(mem_buff.o)
                0x10047fde                Mem_Buff_Init
 i.Mem_Buff_Read
                0x10048048       0x62 ./assembly\libbluenrg1_stack.a(mem_buff.o)
                0x10048048                Mem_Buff_Read
 i.Mem_Buff_Release
                0x100480aa       0x36 ./assembly\libbluenrg1_stack.a(mem_buff.o)
                0x100480aa                Mem_Buff_Release
 i.Mem_Buff_Resize
                0x100480e0       0x8e ./assembly\libbluenrg1_stack.a(mem_buff.o)
                0x100480e0                Mem_Buff_Resize
 i.Mem_Buff_Write
                0x1004816e       0x68 ./assembly\libbluenrg1_stack.a(mem_buff.o)
                0x1004816e                Mem_Buff_Write
 *fill*         0x100481d6        0x2 
 i.adapt_slot   0x100481d8      0x260 ./assembly\libbluenrg1_stack.a(multi_master_time.o)
 i.advance_slave_timing_MultiSlave
                0x10048438      0x2cc ./assembly\libbluenrg1_stack.a(multi_master_time.o)
                0x10048438                advance_slave_timing_MultiSlave
 i.cancel_current_master
                0x10048704      0x1a8 ./assembly\libbluenrg1_stack.a(multi_master_time.o)
                0x10048704                cancel_current_master
 i.get_advertiser
                0x100488ac       0x48 ./assembly\libbluenrg1_stack.a(multi_master_time.o)
                0x100488ac                get_advertiser
 i.get_connection_no
                0x100488f4       0x88 ./assembly\libbluenrg1_stack.a(multi_master_time.o)
                0x100488f4                get_connection_no
 i.get_next_free_slot
                0x1004897c       0x34 ./assembly\libbluenrg1_stack.a(multi_master_time.o)
                0x1004897c                get_next_free_slot
 i.get_scan_connection
                0x100489b0       0x48 ./assembly\libbluenrg1_stack.a(multi_master_time.o)
                0x100489b0                get_scan_connection
 i.is_slave     0x100489f8       0x34 ./assembly\libbluenrg1_stack.a(multi_master_time.o)
                0x100489f8                is_slave
 i.nsar_init    0x10048a2c       0x18 ./assembly\libbluenrg1_stack.a(multi_master_time.o)
                0x10048a2c                nsar_init
 i.nsar_insertSlotListEntry
                0x10048a44       0x1c ./assembly\libbluenrg1_stack.a(multi_master_time.o)
 i.nsar_searchBestFreeSlot
                0x10048a60       0xc0 ./assembly\libbluenrg1_stack.a(multi_master_time.o)
 i.nsar_updateBestFreeSlot
                0x10048b20       0x22 ./assembly\libbluenrg1_stack.a(multi_master_time.o)
 *fill*         0x10048b42        0x2 
 i.nsar_updateSlotListEntry
                0x10048b44       0x6c ./assembly\libbluenrg1_stack.a(multi_master_time.o)
 i.schedule_advertise_slot
                0x10048bb0       0xb0 ./assembly\libbluenrg1_stack.a(multi_master_time.o)
                0x10048bb0                schedule_advertise_slot
 i.start_timebase
                0x10048c60       0xd0 ./assembly\libbluenrg1_stack.a(multi_master_time.o)
                0x10048c60                start_timebase
 i.swap_u16     0x10048d30        0xa ./assembly\libbluenrg1_stack.a(multi_master_time.o)
 *fill*         0x10048d3a        0x2 
 i.timebase_start_connect
                0x10048d3c       0x38 ./assembly\libbluenrg1_stack.a(multi_master_time.o)
                0x10048d3c                timebase_start_connect
 i.Flash_Write_Flagged
                0x10048d74       0x3c ./assembly\libbluenrg1_stack.a(nvm.o)
                0x10048d74                Flash_Write_Flagged
 i.Is_Flash_Write_On_Going
                0x10048db0       0x10 ./assembly\libbluenrg1_stack.a(nvm.o)
                0x10048db0                Is_Flash_Write_On_Going
 i.PM_Check_And_Set
                0x10048dc0       0x50 ./assembly\libbluenrg1_stack.a(pm.o)
 i.PM_Clone_Pckt
                0x10048e10       0x22 ./assembly\libbluenrg1_stack.a(pm.o)
                0x10048e10                PM_Clone_Pckt
 *fill*         0x10048e32        0x2 
 i.PM_Compact   0x10048e34       0x54 ./assembly\libbluenrg1_stack.a(pm.o)
                0x10048e34                PM_Compact
 i.PM_Copy_Pckt_Data
                0x10048e88       0x12 ./assembly\libbluenrg1_stack.a(pm.o)
                0x10048e88                PM_Copy_Pckt_Data
 *fill*         0x10048e9a        0x2 
 i.PM_Eng_Config
                0x10048e9c       0x18 ./assembly\libbluenrg1_stack.a(pm.o)
                0x10048e9c                PM_Eng_Config
 i.PM_Extract_Pdu_MBuff
                0x10048eb4        0xc ./assembly\libbluenrg1_stack.a(pm.o)
                0x10048eb4                PM_Extract_Pdu_MBuff
 i.PM_Get_Available_Buffer
                0x10048ec0       0x3c ./assembly\libbluenrg1_stack.a(pm.o)
                0x10048ec0                PM_Get_Available_Buffer
 i.PM_Get_Mem_Buff_Count
                0x10048efc        0xa ./assembly\libbluenrg1_stack.a(pm.o)
                0x10048efc                PM_Get_Mem_Buff_Count
 *fill*         0x10048f06        0x2 
 i.PM_Get_Pckt  0x10048f08       0x44 ./assembly\libbluenrg1_stack.a(pm.o)
                0x10048f08                PM_Get_Pckt
 i.PM_Init      0x10048f4c       0x68 ./assembly\libbluenrg1_stack.a(pm.o)
                0x10048f4c                PM_Init
 i.PM_Pckt_Cmp  0x10048fb4        0xa ./assembly\libbluenrg1_stack.a(pm.o)
                0x10048fb4                PM_Pckt_Cmp
 *fill*         0x10048fbe        0x2 
 i.PM_Release_Acl_Pckt
                0x10048fc0       0x3c ./assembly\libbluenrg1_stack.a(pm.o)
                0x10048fc0                PM_Release_Acl_Pckt
 i.PM_Resize_Pckt_Pdu_Size
                0x10048ffc       0x6c ./assembly\libbluenrg1_stack.a(pm.o)
                0x10048ffc                PM_Resize_Pckt_Pdu_Size
 i.PM_Write_Pckt_Data
                0x10049068       0x12 ./assembly\libbluenrg1_stack.a(pm.o)
                0x10049068                PM_Write_Pckt_Data
 i.Accu_Handles_Requiring_Auth
                0x1004907a       0x6e ./assembly\libbluenrg1_stack.a(rom_att.o)
                0x1004907a                Accu_Handles_Requiring_Auth
 i.Accu_UuidTypes_Requiring_Auth
                0x100490e8       0xea ./assembly\libbluenrg1_stack.a(rom_att.o)
                0x100490e8                Accu_UuidTypes_Requiring_Auth
 *fill*         0x100491d2        0x2 
 i.GAP_Privacy1v2
                0x100491d4      0x1e0 ./assembly\libbluenrg1_stack.a(rom_gap.o)
                0x100491d4                GAP_Privacy1v2
 i.GAP_PrivateAddrTimercb
                0x100493b4       0x48 ./assembly\libbluenrg1_stack.a(rom_gap.o)
                0x100493b4                GAP_PrivateAddrTimercb
 i.GapIsPrivacySupported
                0x100493fc       0x14 ./assembly\libbluenrg1_stack.a(rom_gap.o)
                0x100493fc                GapIsPrivacySupported
 i.Generate_Non_Resolvable_Private_Address
                0x10049410       0x88 ./assembly\libbluenrg1_stack.a(rom_gap.o)
                0x10049410                Generate_Non_Resolvable_Private_Address
 i.GAP_Notify_Add_Charac
                0x10049498       0x70 ./assembly\libbluenrg1_stack.a(rom_gap_rom.o)
                0x10049498                GAP_Notify_Add_Charac
 i.Get_GAP_Handle
                0x10049508       0x10 ./assembly\libbluenrg1_stack.a(rom_gap_rom.o)
                0x10049508                Get_GAP_Handle
 i.Get_StaticRandAddr
                0x10049518       0x14 ./assembly\libbluenrg1_stack.a(rom_gap_rom.o)
                0x10049518                Get_StaticRandAddr
 i.Check_Encry_Key_Size
                0x1004952c       0x18 ./assembly\libbluenrg1_stack.a(rom_gatt_server.o)
                0x1004952c                Check_Encry_Key_Size
 i.GATT_Num_Charac_Present
                0x10049544       0x3a ./assembly\libbluenrg1_stack.a(rom_gatt_server.o)
                0x10049544                GATT_Num_Charac_Present
 *fill*         0x1004957e        0x2 
 i.Start_Gatt_Timer
                0x10049580       0x24 ./assembly\libbluenrg1_stack.a(rom_gatt_server.o)
                0x10049580                Start_Gatt_Timer
 i.Stop_Gatt_Timer
                0x100495a4       0x1c ./assembly\libbluenrg1_stack.a(rom_gatt_server.o)
                0x100495a4                Stop_Gatt_Timer
 i.List_Circular_Get_Size
                0x100495c0       0x14 ./assembly\libbluenrg1_stack.a(rom_list.o)
                0x100495c0                List_Circular_Get_Size
 i.List_Circular_Insert_Tail
                0x100495d4        0xe ./assembly\libbluenrg1_stack.a(rom_list.o)
                0x100495d4                List_Circular_Insert_Tail
 i.List_Circular_Node_Present
                0x100495e2       0x16 ./assembly\libbluenrg1_stack.a(rom_list.o)
                0x100495e2                List_Circular_Node_Present
 i.List_Circular_Remove_Head
                0x100495f8       0x1a ./assembly\libbluenrg1_stack.a(rom_list.o)
                0x100495f8                List_Circular_Remove_Head
 i.List_Circular_Remove_Node
                0x10049612       0x20 ./assembly\libbluenrg1_stack.a(rom_list.o)
                0x10049612                List_Circular_Remove_Node
 *fill*         0x10049632        0x2 
 i.isr_postproc1
                0x10049634      0x110 ./assembly\libbluenrg1_stack.a(rom_ll_isr_postproc.o)
                0x10049634                isr_postproc1
 i.isr_postproc_encrypt_data
                0x10049744       0x16 ./assembly\libbluenrg1_stack.a(rom_ll_isr_postproc.o)
                0x10049744                isr_postproc_encrypt_data
 i.wait_for_aes_ready
                0x1004975a       0x24 ./assembly\libbluenrg1_stack.a(rom_ll_isr_postproc.o)
 *fill*         0x1004977e        0x2 
 i.LL_update_proc
                0x10049780       0x98 ./assembly\libbluenrg1_stack.a(rom_ll_isr_routines.o)
                0x10049780                LL_update_proc
 i.addr_u32_from_u8
                0x10049818       0x1e ./assembly\libbluenrg1_stack.a(rom_ll_isr_routines.o)
 i.cancel_connect_master_ucfg
                0x10049836        0x4 ./assembly\libbluenrg1_stack.a(rom_ll_isr_routines.o)
                0x10049836                cancel_connect_master_ucfg
 *fill*         0x1004983a        0x2 
 i.cancel_master
                0x1004983c       0x7c ./assembly\libbluenrg1_stack.a(rom_ll_isr_routines.o)
                0x1004983c                cancel_master
 i.get_adv_addr
                0x100498b8       0x14 ./assembly\libbluenrg1_stack.a(rom_ll_isr_routines.o)
                0x100498b8                get_adv_addr
 i.get_scan_addr
                0x100498cc       0x14 ./assembly\libbluenrg1_stack.a(rom_ll_isr_routines.o)
                0x100498cc                get_scan_addr
 i.go_to_connect
                0x100498e0      0x298 ./assembly\libbluenrg1_stack.a(rom_ll_isr_routines.o)
                0x100498e0                go_to_connect
 i.le2ByteToInt16
                0x10049b78        0xa ./assembly\libbluenrg1_stack.a(rom_ll_isr_routines.o)
 i.le4ByteToInt32
                0x10049b82       0x16 ./assembly\libbluenrg1_stack.a(rom_ll_isr_routines.o)
 i.unpack_channel_map
                0x10049b98       0x2e ./assembly\libbluenrg1_stack.a(rom_ll_isr_routines.o)
                0x10049b98                unpack_channel_map
 i.unpack_update_request
                0x10049bc6       0x48 ./assembly\libbluenrg1_stack.a(rom_ll_isr_routines.o)
                0x10049bc6                unpack_update_request
 i.Is_Address_Initialized
                0x10049c0e       0x18 ./assembly\libbluenrg1_stack.a(rom_ll_ll_routines.o)
                0x10049c0e                Is_Address_Initialized
 i.LL_Allow_Address_Setting
                0x10049c26       0x42 ./assembly\libbluenrg1_stack.a(rom_ll_ll_routines.o)
                0x10049c26                LL_Allow_Address_Setting
 i.LL_Check_And_Set_Addresses
                0x10049c68      0x1fc ./assembly\libbluenrg1_stack.a(rom_ll_ll_routines.o)
                0x10049c68                LL_Check_And_Set_Addresses
 i.LL_Enable_Disable_Adv
                0x10049e64      0x21c ./assembly\libbluenrg1_stack.a(rom_ll_ll_routines.o)
                0x10049e64                LL_Enable_Disable_Adv
 i.LL_Get_Address
                0x1004a080       0x2c ./assembly\libbluenrg1_stack.a(rom_ll_ll_routines.o)
                0x1004a080                LL_Get_Address
 i.LL_Get_AdvAddress
                0x1004a0ac       0x40 ./assembly\libbluenrg1_stack.a(rom_ll_ll_routines.o)
                0x1004a0ac                LL_Get_AdvAddress
 i.LL_Get_ScanAddress
                0x1004a0ec       0x40 ./assembly\libbluenrg1_stack.a(rom_ll_ll_routines.o)
                0x1004a0ec                LL_Get_ScanAddress
 i.LL_Init      0x1004a12c      0x18c ./assembly\libbluenrg1_stack.a(rom_ll_ll_routines.o)
                0x1004a12c                LL_Init
 i.LL_Send_ACL_Data
                0x1004a2b8       0x50 ./assembly\libbluenrg1_stack.a(rom_ll_ll_routines.o)
                0x1004a2b8                LL_Send_ACL_Data
 i.LL_Set_Adv_Data
                0x1004a308       0x78 ./assembly\libbluenrg1_stack.a(rom_ll_ll_routines.o)
                0x1004a308                LL_Set_Adv_Data
 i.LL_Set_Adv_PDU_Format
                0x1004a380       0xcc ./assembly\libbluenrg1_stack.a(rom_ll_ll_routines.o)
                0x1004a380                LL_Set_Adv_PDU_Format
 i.LL_Set_Adv_Params
                0x1004a44c      0x14c ./assembly\libbluenrg1_stack.a(rom_ll_ll_routines.o)
                0x1004a44c                LL_Set_Adv_Params
 i.LL_Set_Advertising_Buffers
                0x1004a598       0x88 ./assembly\libbluenrg1_stack.a(rom_ll_ll_routines.o)
                0x1004a598                LL_Set_Advertising_Buffers
 i.LL_Set_DirectAddress
                0x1004a620       0x38 ./assembly\libbluenrg1_stack.a(rom_ll_ll_routines.o)
 i.LL_Set_OwnAddress
                0x1004a658       0x24 ./assembly\libbluenrg1_stack.a(rom_ll_ll_routines.o)
                0x1004a658                LL_Set_OwnAddress
 i.LL_Set_Scan_Resp_Data
                0x1004a67c       0x5c ./assembly\libbluenrg1_stack.a(rom_ll_ll_routines.o)
                0x1004a67c                LL_Set_Scan_Resp_Data
 i.LL_Update_Advertising_Buffers
                0x1004a6d8       0x48 ./assembly\libbluenrg1_stack.a(rom_ll_ll_routines.o)
                0x1004a6d8                LL_Update_Advertising_Buffers
 i.LL_Update_Scanning_Initiating_Buffers
                0x1004a720       0x48 ./assembly\libbluenrg1_stack.a(rom_ll_ll_routines.o)
                0x1004a720                LL_Update_Scanning_Initiating_Buffers
 i.addr_u32_from_u8
                0x1004a768       0x20 ./assembly\libbluenrg1_stack.a(rom_ll_ll_routines.o)
 i.int32ToLe4Byte
                0x1004a788       0x10 ./assembly\libbluenrg1_stack.a(rom_ll_ll_routines.o)
 i.le4ByteToInt32
                0x1004a798       0x16 ./assembly\libbluenrg1_stack.a(rom_ll_ll_routines.o)
 *fill*         0x1004a7ae        0x2 
 i.wait_for_prescheduled_slot_cancellation
                0x1004a7b0       0x7c ./assembly\libbluenrg1_stack.a(rom_ll_ll_routines.o)
 i.Blue_Set_Radio_Config_Data
                0x1004a82c       0x24 ./assembly\libbluenrg1_stack.a(rom_ll_routines_support.o)
                0x1004a82c                Blue_Set_Radio_Config_Data
 i.LL_Get_Adv_Tx_Power_Level
                0x1004a850       0x18 ./assembly\libbluenrg1_stack.a(rom_ll_routines_support.o)
                0x1004a850                LL_Get_Adv_Tx_Power_Level
 i.convert_power
                0x1004a868       0x24 ./assembly\libbluenrg1_stack.a(rom_ll_routines_support.o)
 i.modulo_37    0x1004a88c       0x1c ./assembly\libbluenrg1_stack.a(rom_ll_routines_support.o)
                0x1004a88c                modulo_37
 i.WindowWiden1
                0x1004a8a8        0xa ./assembly\libbluenrg1_stack.a(rom_ll_timehandling.o)
                0x1004a8a8                WindowWiden1
 i.WindowWiden2
                0x1004a8b2       0x10 ./assembly\libbluenrg1_stack.a(rom_ll_timehandling.o)
                0x1004a8b2                WindowWiden2
 *fill*         0x1004a8c2        0x2 
 i.machine_time_trans
                0x1004a8c4       0x20 ./assembly\libbluenrg1_stack.a(rom_ll_timehandling.o)
                0x1004a8c4                machine_time_trans
 i.set_freq     0x1004a8e4       0x88 ./assembly\libbluenrg1_stack.a(rom_ll_timehandling.o)
                0x1004a8e4                set_freq
 i.set_sca      0x1004a96c       0x1c ./assembly\libbluenrg1_stack.a(rom_ll_timehandling.o)
                0x1004a96c                set_sca
 i.system_time_trans
                0x1004a988       0x10 ./assembly\libbluenrg1_stack.a(rom_ll_timehandling.o)
                0x1004a988                system_time_trans
 i.system_time_trans_ext
                0x1004a998       0x30 ./assembly\libbluenrg1_stack.a(rom_ll_timehandling.o)
                0x1004a998                system_time_trans_ext
 i.time_offset1
                0x1004a9c8        0xe ./assembly\libbluenrg1_stack.a(rom_ll_timehandling.o)
                0x1004a9c8                time_offset1
 *fill*         0x1004a9d6        0x2 
 i.time_offset2
                0x1004a9d8       0x10 ./assembly\libbluenrg1_stack.a(rom_ll_timehandling.o)
                0x1004a9d8                time_offset2
 i.Blue_Init_Global
                0x1004a9e8       0x98 ./assembly\libbluenrg1_stack.a(routines_support.o)
                0x1004a9e8                Blue_Init_Global
 i.advance_transmit
                0x1004aa80      0x158 ./assembly\libbluenrg1_stack.a(routines_support.o)
                0x1004aa80                advance_transmit
 i.microseconds_to_machine_time
                0x1004abd8        0x8 ./assembly\libbluenrg1_stack.a(routines_support.o)
                0x1004abd8                microseconds_to_machine_time
 i.slave_advance
                0x1004abe0      0x200 ./assembly\libbluenrg1_stack.a(routines_support.o)
                0x1004abe0                slave_advance
 i.swap_slaves  0x1004ade0      0x13c ./assembly\libbluenrg1_stack.a(routines_support.o)
                0x1004ade0                swap_slaves
 i.swap_u16     0x1004af1c        0xa ./assembly\libbluenrg1_stack.a(routines_support.o)
 i.swap_u32     0x1004af26        0xa ./assembly\libbluenrg1_stack.a(routines_support.o)
 i.swap_u8      0x1004af30        0xa ./assembly\libbluenrg1_stack.a(routines_support.o)
 i.Erase_Sector
                0x1004af3a        0xe ./assembly\libbluenrg1_stack.a(sdb.o)
 i.SDB_Add_Record
                0x1004af48      0x184 ./assembly\libbluenrg1_stack.a(sdb.o)
                0x1004af48                SDB_Add_Record
 i.SDB_Find_Matching_LTK
                0x1004b0cc       0xa0 ./assembly\libbluenrg1_stack.a(sdb.o)
                0x1004b0cc                SDB_Find_Matching_LTK
 i.SDB_Find_Record
                0x1004b16c       0xc4 ./assembly\libbluenrg1_stack.a(sdb.o)
                0x1004b16c                SDB_Find_Record
 i.SDB_Get_Number_Of_Valid_Records
                0x1004b230       0x44 ./assembly\libbluenrg1_stack.a(sdb.o)
                0x1004b230                SDB_Get_Number_Of_Valid_Records
 i.SDB_flash_write_client_data
                0x1004b274       0xb8 ./assembly\libbluenrg1_stack.a(sdb.o)
                0x1004b274                SDB_flash_write_client_data
 i.SDB_get_security_data_record
                0x1004b32c       0xd8 ./assembly\libbluenrg1_stack.a(sdb.o)
                0x1004b32c                SDB_get_security_data_record
 i.SDB_read_peer_bonded_data
                0x1004b404       0x3c ./assembly\libbluenrg1_stack.a(sdb.o)
                0x1004b404                SDB_read_peer_bonded_data
 i.Write_Client_Data
                0x1004b440      0x1b0 ./assembly\libbluenrg1_stack.a(sdb.o)
 i.int32ToLe4Byte
                0x1004b5f0       0x10 ./assembly\libbluenrg1_stack.a(sdb.o)
 i.sdb_delete   0x1004b600      0x164 ./assembly\libbluenrg1_stack.a(sdb.o)
 i.sdb_find_client_data
                0x1004b764       0xc8 ./assembly\libbluenrg1_stack.a(sdb.o)
 i.sdb_get_gatt_db_start_address
                0x1004b82c       0x18 ./assembly\libbluenrg1_stack.a(sdb.o)
 i.sdb_invalidate_record
                0x1004b844       0x20 ./assembly\libbluenrg1_stack.a(sdb.o)
 i.sdb_read_record
                0x1004b864       0x24 ./assembly\libbluenrg1_stack.a(sdb.o)
 i.sdb_read_record_validity
                0x1004b888       0x10 ./assembly\libbluenrg1_stack.a(sdb.o)
 i.sdb_write_record
                0x1004b898       0x7c ./assembly\libbluenrg1_stack.a(sdb.o)
 i.SMP_Process_Q
                0x1004b914      0x19c ./assembly\libbluenrg1_stack.a(securitymgr.o)
                0x1004b914                SMP_Process_Q
 i.int32ToLe4Byte
                0x1004bab0       0x10 ./assembly\libbluenrg1_stack.a(securitymgr.o)
 i.smp_Build_AuthReq_Field
                0x1004bac0       0x18 ./assembly\libbluenrg1_stack.a(securitymgr.o)
 i.smp_Build_Pairing_ReqResp_Packet
                0x1004bad8       0x38 ./assembly\libbluenrg1_stack.a(securitymgr.o)
 i.smp_Check_Incoming_Pairing_Parameters
                0x1004bb10       0x34 ./assembly\libbluenrg1_stack.a(securitymgr.o)
 i.smp_Determine_Key_Association_Method
                0x1004bb44       0x9c ./assembly\libbluenrg1_stack.a(securitymgr.o)
 i.smp_Execute_Actions_wrt_Current_State
                0x1004bbe0      0x18c ./assembly\libbluenrg1_stack.a(securitymgr.o)
 i.smp_Execute_Actions_wrt_Current_State_MI_excerpt_ucfg
                0x1004bd6c        0x2 ./assembly\libbluenrg1_stack.a(securitymgr.o)
                0x1004bd6c                smp_Execute_Actions_wrt_Current_State_MI_excerpt_ucfg
 i.smp_Execute_Actions_wrt_Current_State_sc_excerpt_phase2as2_ucfg
                0x1004bd6e        0x2 ./assembly\libbluenrg1_stack.a(securitymgr.o)
                0x1004bd6e                smp_Execute_Actions_wrt_Current_State_sc_excerpt_phase2as2_ucfg
 i.smp_Execute_Actions_wrt_Current_State_sc_excerpt_phase_1_to_2_ucfg
                0x1004bd70        0x4 ./assembly\libbluenrg1_stack.a(securitymgr.o)
                0x1004bd70                smp_Execute_Actions_wrt_Current_State_sc_excerpt_phase_1_to_2_ucfg
 i.smp_Get_Long_Term_Key
                0x1004bd74       0x80 ./assembly\libbluenrg1_stack.a(securitymgr.o)
 i.smp_Get_Pairing_Parameters_From_Peer_Packet
                0x1004bdf4       0x88 ./assembly\libbluenrg1_stack.a(securitymgr.o)
 i.smp_Keys_Distribution_Send
                0x1004be7c      0x11c ./assembly\libbluenrg1_stack.a(securitymgr.o)
 i.smp_LP_SR_Compute_c1_Confirm_Value
                0x1004bf98      0x150 ./assembly\libbluenrg1_stack.a(securitymgr.o)
 i.smp_MI_Start_Encryption_ucfg
                0x1004c0e8        0x4 ./assembly\libbluenrg1_stack.a(securitymgr.o)
                0x1004c0e8                smp_MI_Start_Encryption_ucfg
 i.smp_Process_Rx_Packet_Exception_Cases_sc_excerpt_ucfg
                0x1004c0ec        0x4 ./assembly\libbluenrg1_stack.a(securitymgr.o)
                0x1004c0ec                smp_Process_Rx_Packet_Exception_Cases_sc_excerpt_ucfg
 i.smp_Process_Rx_Packet_wrt_Current_State
                0x1004c0f0      0x130 ./assembly\libbluenrg1_stack.a(securitymgr.o)
 i.smp_Process_Rx_Packet_wrt_Current_State_MI_excerpt_ucfg
                0x1004c220        0x4 ./assembly\libbluenrg1_stack.a(securitymgr.o)
                0x1004c220                smp_Process_Rx_Packet_wrt_Current_State_MI_excerpt_ucfg
 i.smp_Process_Rx_Packet_wrt_Current_State_sc_excerpt_ucfg
                0x1004c224        0x4 ./assembly\libbluenrg1_stack.a(securitymgr.o)
                0x1004c224                smp_Process_Rx_Packet_wrt_Current_State_sc_excerpt_ucfg
 i.smp_Set_Key_Association_Method
                0x1004c228       0x78 ./assembly\libbluenrg1_stack.a(securitymgr.o)
 i.smp____SR_PairingConfirm_Receive
                0x1004c2a0       0x7a ./assembly\libbluenrg1_stack.a(securitymgr.o)
 *fill*         0x1004c31a        0x2 
 i.smp____SR_PairingRandom_Receive
                0x1004c31c      0x120 ./assembly\libbluenrg1_stack.a(securitymgr.o)
 i.smp____SR_PairingRequest_Receive
                0x1004c43c      0x17c ./assembly\libbluenrg1_stack.a(securitymgr.o)
 i.smp_sc_SR_PairingConfirm_Receive_sc_excerpt_ucfg
                0x1004c5b8        0x2 ./assembly\libbluenrg1_stack.a(securitymgr.o)
                0x1004c5b8                smp_sc_SR_PairingConfirm_Receive_sc_excerpt_ucfg
 i.smp_sc_SR_PairingRandom_Receive_sc_excerpt_ucfg
                0x1004c5ba        0x2 ./assembly\libbluenrg1_stack.a(securitymgr.o)
                0x1004c5ba                smp_sc_SR_PairingRandom_Receive_sc_excerpt_ucfg
 i.smp_sc_SR_Pairing_Phase_2AS1_Start_sc_excerpt_ucfg
                0x1004c5bc        0x2 ./assembly\libbluenrg1_stack.a(securitymgr.o)
                0x1004c5bc                smp_sc_SR_Pairing_Phase_2AS1_Start_sc_excerpt_ucfg
 *fill*         0x1004c5be        0x2 
 i.smp_send_packet
                0x1004c5c0       0x38 ./assembly\libbluenrg1_stack.a(securitymgr.o)
                0x1004c5c0                smp_send_packet
 i.SMA_Diversify
                0x1004c5f8       0x28 ./assembly\libbluenrg1_stack.a(smp_algo_sap.o)
                0x1004c5f8                SMA_Diversify
 i.SMA_Generate_CSRK
                0x1004c620       0x28 ./assembly\libbluenrg1_stack.a(smp_algo_sap.o)
                0x1004c620                SMA_Generate_CSRK
 i.SMA_Generate_IRK
                0x1004c648       0x28 ./assembly\libbluenrg1_stack.a(smp_algo_sap.o)
                0x1004c648                SMA_Generate_IRK
 i.SMA_LP_s1_Generate_STK
                0x1004c670       0x26 ./assembly\libbluenrg1_stack.a(smp_algo_sap.o)
                0x1004c670                SMA_LP_s1_Generate_STK
 *fill*         0x1004c696        0x2 
 i.SMA_generate_EDIV_recovery_DIV
                0x1004c698       0x74 ./assembly\libbluenrg1_stack.a(smp_algo_sap.o)
                0x1004c698                SMA_generate_EDIV_recovery_DIV
 i.SM_Generate_Resolvable_Private_Address
                0x1004c70c       0x4e ./assembly\libbluenrg1_stack.a(smp_algo_sap.o)
                0x1004c70c                SM_Generate_Resolvable_Private_Address
 i.SM_Resolve_Private_Address
                0x1004c75a       0x22 ./assembly\libbluenrg1_stack.a(smp_algo_sap.o)
                0x1004c75a                SM_Resolve_Private_Address
 i.sma_CMAC_generate_tag
                0x1004c77c       0xc6 ./assembly\libbluenrg1_stack.a(smp_algo_sap.o)
                0x1004c77c                sma_CMAC_generate_tag
 i.sma_Calculate_Hash
                0x1004c842       0x36 ./assembly\libbluenrg1_stack.a(smp_algo_sap.o)
 i.sma_generate_subkeys
                0x1004c878       0x7e ./assembly\libbluenrg1_stack.a(smp_algo_sap.o)
 i.sma_left_shift
                0x1004c8f6       0x2c ./assembly\libbluenrg1_stack.a(smp_algo_sap.o)
 *fill*         0x1004c922        0x2 
 i.SMP_Init     0x1004c924       0x3c ./assembly\libbluenrg1_stack.a(smp_common.o)
                0x1004c924                SMP_Init
 i.SMP_Protocol_Timer_cb
                0x1004c960       0x44 ./assembly\libbluenrg1_stack.a(smp_common.o)
                0x1004c960                SMP_Protocol_Timer_cb
 i.SMP_acl_data_hndl
                0x1004c9a4       0xf8 ./assembly\libbluenrg1_stack.a(smp_common.o)
                0x1004c9a4                SMP_acl_data_hndl
 i.SMP_check_encryption_key_size
                0x1004ca9c       0x20 ./assembly\libbluenrg1_stack.a(smp_common.o)
                0x1004ca9c                SMP_check_encryption_key_size
 i.SMP_check_is_device_bonded
                0x1004cabc       0x48 ./assembly\libbluenrg1_stack.a(smp_common.o)
                0x1004cabc                SMP_check_is_device_bonded
 i.SMP_connection_complete_handler
                0x1004cb04       0x94 ./assembly\libbluenrg1_stack.a(smp_common.o)
 i.SMP_forget_device_by_conn_handle
                0x1004cb98       0x1c ./assembly\libbluenrg1_stack.a(smp_common.o)
                0x1004cb98                SMP_forget_device_by_conn_handle
 i.SMP_get_link_status
                0x1004cbb4       0x2e ./assembly\libbluenrg1_stack.a(smp_common.o)
                0x1004cbb4                SMP_get_link_status
 *fill*         0x1004cbe2        0x2 
 i.SMP_get_remote_device_list_item
                0x1004cbe4       0x4c ./assembly\libbluenrg1_stack.a(smp_common.o)
                0x1004cbe4                SMP_get_remote_device_list_item
 i.SMP_hci_disconnection_complete_evt_hndl
                0x1004cc30       0x40 ./assembly\libbluenrg1_stack.a(smp_common.o)
                0x1004cc30                SMP_hci_disconnection_complete_evt_hndl
 i.SMP_hci_encryption_change_evt_hndl
                0x1004cc70      0x120 ./assembly\libbluenrg1_stack.a(smp_common.o)
                0x1004cc70                SMP_hci_encryption_change_evt_hndl
 i.SMP_hci_le_connection_complete_evt_hndl
                0x1004cd90       0x2e ./assembly\libbluenrg1_stack.a(smp_common.o)
                0x1004cd90                SMP_hci_le_connection_complete_evt_hndl
 i.SMP_hci_le_enhanced_connection_complete_evt_hndl
                0x1004cdbe       0x52 ./assembly\libbluenrg1_stack.a(smp_common.o)
                0x1004cdbe                SMP_hci_le_enhanced_connection_complete_evt_hndl
 i.SMP_hci_le_long_term_key_request_evt_hndl
                0x1004ce10       0x38 ./assembly\libbluenrg1_stack.a(smp_common.o)
                0x1004ce10                SMP_hci_le_long_term_key_request_evt_hndl
 i.SMP_repeated_attacks_timer_cb
                0x1004ce48       0x78 ./assembly\libbluenrg1_stack.a(smp_common.o)
                0x1004ce48                SMP_repeated_attacks_timer_cb
 i.SMP_reset_timer
                0x1004cec0       0x40 ./assembly\libbluenrg1_stack.a(smp_common.o)
                0x1004cec0                SMP_reset_timer
 i.SMP_validate_signed_packet
                0x1004cf00       0x7a ./assembly\libbluenrg1_stack.a(smp_common.o)
                0x1004cf00                SMP_validate_signed_packet
 *fill*         0x1004cf7a        0x2 
 i.aci_gap_authorization_req_event_push
                0x1004cf7c       0x54 ./assembly\libbluenrg1_stack.a(smp_common.o)
 i.aci_gap_pairing_complete_event_push
                0x1004cfd0       0x5c ./assembly\libbluenrg1_stack.a(smp_common.o)
 i.smp_Keys_Distribution_Complete
                0x1004d02c       0x32 ./assembly\libbluenrg1_stack.a(smp_common.o)
 *fill*         0x1004d05e        0x2 
 i.smp_add_pairing_record_to_bonding_database
                0x1004d060      0x148 ./assembly\libbluenrg1_stack.a(smp_common.o)
                0x1004d060                smp_add_pairing_record_to_bonding_database
 i.smp_find_remote_device_index
                0x1004d1a8       0x44 ./assembly\libbluenrg1_stack.a(smp_common.o)
                0x1004d1a8                smp_find_remote_device_index
 i.smp_flush_rx_queues
                0x1004d1ec       0x38 ./assembly\libbluenrg1_stack.a(smp_common.o)
 i.smp_get_CSRK
                0x1004d224       0x1e ./assembly\libbluenrg1_stack.a(smp_common.o)
                0x1004d224                smp_get_CSRK
 *fill*         0x1004d242        0x2 
 i.smp_get_local_identity_address
                0x1004d244       0x3c ./assembly\libbluenrg1_stack.a(smp_common.o)
                0x1004d244                smp_get_local_identity_address
 i.smp_keys_distribution_start
                0x1004d280       0x38 ./assembly\libbluenrg1_stack.a(smp_common.o)
                0x1004d280                smp_keys_distribution_start
 i.smp_keys_receiving
                0x1004d2b8       0xd6 ./assembly\libbluenrg1_stack.a(smp_common.o)
                0x1004d2b8                smp_keys_receiving
 *fill*         0x1004d38e        0x2 
 i.smp_oob_check_is_remote_data_present
                0x1004d390       0x3c ./assembly\libbluenrg1_stack.a(smp_common.o)
                0x1004d390                smp_oob_check_is_remote_data_present
 i.smp_pairing_2octets_packet_send
                0x1004d3cc       0x34 ./assembly\libbluenrg1_stack.a(smp_common.o)
                0x1004d3cc                smp_pairing_2octets_packet_send
 i.smp_pairing_completed
                0x1004d400       0x78 ./assembly\libbluenrg1_stack.a(smp_common.o)
                0x1004d400                smp_pairing_completed
 i.smp_pairing_failed_receive
                0x1004d478       0x10 ./assembly\libbluenrg1_stack.a(smp_common.o)
                0x1004d478                smp_pairing_failed_receive
 i.smp_pairing_failed_send
                0x1004d488       0x2a ./assembly\libbluenrg1_stack.a(smp_common.o)
                0x1004d488                smp_pairing_failed_send
 *fill*         0x1004d4b2        0x2 
 i.smp_pairing_process_abort
                0x1004d4b4       0x64 ./assembly\libbluenrg1_stack.a(smp_common.o)
 i.smp_repeated_attacks_protection
                0x1004d518       0xf0 ./assembly\libbluenrg1_stack.a(smp_common.o)
                0x1004d518                smp_repeated_attacks_protection
 i.smp_update_statistics_on_pairing_complete
                0x1004d608       0x38 ./assembly\libbluenrg1_stack.a(smp_common.o)
 i.smp_sc_check_for_ecc_pk_generation_request_ucfg
                0x1004d640        0x2 ./assembly\libbluenrg1_stack.a(smp_scv42_caf.o)
                0x1004d640                smp_sc_check_for_ecc_pk_generation_request_ucfg
 i.smp_sc_continue_on_exclusive_sc_pairing_ucfg
                0x1004d642        0x4 ./assembly\libbluenrg1_stack.a(smp_scv42_caf.o)
                0x1004d642                smp_sc_continue_on_exclusive_sc_pairing_ucfg
 i.smp_sc_init_ucfg
                0x1004d646        0x2 ./assembly\libbluenrg1_stack.a(smp_scv42_caf.o)
                0x1004d646                smp_sc_init_ucfg
 i.smp_sc_is_another_sc_pairing_ongoing
                0x1004d648       0x40 ./assembly\libbluenrg1_stack.a(smp_scv42_caf.o)
                0x1004d648                smp_sc_is_another_sc_pairing_ongoing
 i.smp_sc_update_statistics_on_pairing_complete_ucfg
                0x1004d688        0x2 ./assembly\libbluenrg1_stack.a(smp_scv42_caf.o)
                0x1004d688                smp_sc_update_statistics_on_pairing_complete_ucfg
 i.SMP_sc_force_debug_key_usage
                0x1004d68a       0x22 ./assembly\libbluenrg1_stack.a(smp_scv42_sap.o)
                0x1004d68a                SMP_sc_force_debug_key_usage
 i.secure_connections_csr_ucfg
                0x1004d6ac        0x4 ./assembly\libbluenrg1_stack.a(smp_scv42_sap.o)
                0x1004d6ac                secure_connections_csr_ucfg
 i.smp_sc_hci_le_generate_dhkey_complete_evt_hndl_ucfg
                0x1004d6b0        0x2 ./assembly\libbluenrg1_stack.a(smp_scv42_sap.o)
                0x1004d6b0                smp_sc_hci_le_generate_dhkey_complete_evt_hndl_ucfg
 i.smp_sc_hci_le_read_local_p256_public_key_complete_evt_hndl_ucfg
                0x1004d6b2        0x2 ./assembly\libbluenrg1_stack.a(smp_scv42_sap.o)
                0x1004d6b2                smp_sc_hci_le_read_local_p256_public_key_complete_evt_hndl_ucfg
 i.Delay_With_NOP_Cycles
                0x1004d6b4        0xe ./assembly\libbluenrg1_stack.a(utils.o)
                0x1004d6b4                Delay_With_NOP_Cycles
 i.is_Buffer_All_Set_To
                0x1004d6c2       0x1e ./assembly\libbluenrg1_stack.a(utils.o)
                0x1004d6c2                is_Buffer_All_Set_To
 i.Events_Process_Q
                0x1004d6e0      0x10c ./assembly\libbluenrg1_stack.a(aci_events.o)
                0x1004d6e0                Events_Process_Q
 i.Events_Process_init
                0x1004d7ec       0x4c ./assembly\libbluenrg1_stack.a(aci_events.o)
                0x1004d7ec                Events_Process_init
 i.aci_att_exchange_mtu_resp_event
                0x1004d838        0x2 ./assembly\libbluenrg1_stack.a(aci_events.o)
                0x1004d838                aci_att_exchange_mtu_resp_event
 i.aci_att_exec_write_resp_event
                0x1004d83a        0x2 ./assembly\libbluenrg1_stack.a(aci_events.o)
                0x1004d83a                aci_att_exec_write_resp_event
 i.aci_att_find_by_type_value_resp_event
                0x1004d83c        0x2 ./assembly\libbluenrg1_stack.a(aci_events.o)
                0x1004d83c                aci_att_find_by_type_value_resp_event
 i.aci_att_find_info_resp_event
                0x1004d83e        0x2 ./assembly\libbluenrg1_stack.a(aci_events.o)
                0x1004d83e                aci_att_find_info_resp_event
 i.aci_att_prepare_write_resp_event
                0x1004d840        0x2 ./assembly\libbluenrg1_stack.a(aci_events.o)
                0x1004d840                aci_att_prepare_write_resp_event
 i.aci_att_read_blob_resp_event
                0x1004d842        0x2 ./assembly\libbluenrg1_stack.a(aci_events.o)
                0x1004d842                aci_att_read_blob_resp_event
 i.aci_att_read_by_group_type_resp_event
                0x1004d844        0x2 ./assembly\libbluenrg1_stack.a(aci_events.o)
                0x1004d844                aci_att_read_by_group_type_resp_event
 i.aci_att_read_by_type_resp_event
                0x1004d846        0x2 ./assembly\libbluenrg1_stack.a(aci_events.o)
                0x1004d846                aci_att_read_by_type_resp_event
 i.aci_att_read_multiple_resp_event
                0x1004d848        0x2 ./assembly\libbluenrg1_stack.a(aci_events.o)
                0x1004d848                aci_att_read_multiple_resp_event
 i.aci_att_read_resp_event
                0x1004d84a        0x2 ./assembly\libbluenrg1_stack.a(aci_events.o)
                0x1004d84a                aci_att_read_resp_event
 i.aci_att_write_resp_event
                0x1004d84c        0x2 ./assembly\libbluenrg1_stack.a(aci_events.o)
                0x1004d84c                aci_att_write_resp_event
 *fill*         0x1004d84e        0x2 
 i.aci_event_fifo_push
                0x1004d850       0x28 ./assembly\libbluenrg1_stack.a(aci_events.o)
                0x1004d850                aci_event_fifo_push
 i.aci_event_fifo_push_header
                0x1004d878       0xbc ./assembly\libbluenrg1_stack.a(aci_events.o)
                0x1004d878                aci_event_fifo_push_header
 i.aci_gap_addr_not_resolved_event
                0x1004d934        0x2 ./assembly\libbluenrg1_stack.a(aci_events.o)
                0x1004d934                aci_gap_addr_not_resolved_event
 i.aci_gap_authorization_req_event
                0x1004d936        0x2 ./assembly\libbluenrg1_stack.a(aci_events.o)
                0x1004d936                aci_gap_authorization_req_event
 i.aci_gap_bond_lost_event
                0x1004d938        0x2 ./assembly\libbluenrg1_stack.a(aci_events.o)
                0x1004d938                aci_gap_bond_lost_event
 i.aci_gap_device_found_event
                0x1004d93a        0x2 ./assembly\libbluenrg1_stack.a(aci_events.o)
                0x1004d93a                aci_gap_device_found_event
 i.aci_gap_keypress_notification_event
                0x1004d93c        0x2 ./assembly\libbluenrg1_stack.a(aci_events.o)
                0x1004d93c                aci_gap_keypress_notification_event
 i.aci_gap_limited_discoverable_event
                0x1004d93e        0x2 ./assembly\libbluenrg1_stack.a(aci_events.o)
                0x1004d93e                aci_gap_limited_discoverable_event